
*** Running vivado
    with args -log microblaze_core_lmb_v10_1_0.vds -m64 -product Vivado -mode batch -messageDb vivado.pb -notrace -source microblaze_core_lmb_v10_1_0.tcl



****** Vivado v2024.2 (64-bit)
  **** SW Build 5239630 on Fri Nov 08 22:35:27 MST 2024
  **** IP Build 5239520 on Sun Nov 10 16:12:51 MST 2024
  **** SharedData Build 5239561 on Fri Nov 08 14:39:27 MST 2024
  **** Start of session at: Tue Jun 23 00:34:45 2026
    ** Copyright 1986-2022 Xilinx, Inc. All Rights Reserved.
    ** Copyright 2022-2024 Advanced Micro Devices, Inc. All Rights Reserved.

source microblaze_core_lmb_v10_1_0.tcl -notrace
create_project: Time (s): cpu = 00:00:03 ; elapsed = 00:00:06 . Memory (MB): peak = 618.406 ; gain = 190.605
INFO: [IP_Flow 19-6924] IPCACHE: Running cache check for IP inst: microblaze_core_lmb_v10_1_0
INFO: [IP_Flow 19-6922] IPCACHE: Exporting cached entry dc9f004e0c68eb69 to dir: F:/Vivado/Projects/project_ddr/project_ddr.runs/microblaze_core_lmb_v10_1_0_synth_1
INFO: [IP_Flow 19-6928] IPCACHE: copied cached file f:/Vivado/Projects/project_ddr/project_ddr.cache/ip/2024.2/d/c/dc9f004e0c68eb69/microblaze_core_lmb_v10_0_0.dcp to F:/Vivado/Projects/project_ddr/project_ddr.runs/microblaze_core_lmb_v10_1_0_synth_1/microblaze_core_lmb_v10_1_0.dcp.
INFO: [IP_Flow 19-6928] IPCACHE: copied cached file f:/Vivado/Projects/project_ddr/project_ddr.cache/ip/2024.2/d/c/dc9f004e0c68eb69/microblaze_core_lmb_v10_0_0_sim_netlist.v to F:/Vivado/Projects/project_ddr/project_ddr.runs/microblaze_core_lmb_v10_1_0_synth_1/microblaze_core_lmb_v10_1_0_sim_netlist.v.
INFO: [IP_Flow 19-6928] IPCACHE: copied cached file f:/Vivado/Projects/project_ddr/project_ddr.cache/ip/2024.2/d/c/dc9f004e0c68eb69/microblaze_core_lmb_v10_0_0_sim_netlist.vhdl to F:/Vivado/Projects/project_ddr/project_ddr.runs/microblaze_core_lmb_v10_1_0_synth_1/microblaze_core_lmb_v10_1_0_sim_netlist.vhdl.
INFO: [IP_Flow 19-6928] IPCACHE: copied cached file f:/Vivado/Projects/project_ddr/project_ddr.cache/ip/2024.2/d/c/dc9f004e0c68eb69/microblaze_core_lmb_v10_0_0_stub.v to F:/Vivado/Projects/project_ddr/project_ddr.runs/microblaze_core_lmb_v10_1_0_synth_1/microblaze_core_lmb_v10_1_0_stub.v.
INFO: [IP_Flow 19-6928] IPCACHE: copied cached file f:/Vivado/Projects/project_ddr/project_ddr.cache/ip/2024.2/d/c/dc9f004e0c68eb69/microblaze_core_lmb_v10_0_0_stub.vhdl to F:/Vivado/Projects/project_ddr/project_ddr.runs/microblaze_core_lmb_v10_1_0_synth_1/microblaze_core_lmb_v10_1_0_stub.vhdl.
INFO: [IP_Flow 19-4838] Using cached IP synthesis design for IP microblaze_core_lmb_v10_1_0, cache-ID = dc9f004e0c68eb69.
INFO: [Common 17-206] Exiting Vivado at Tue Jun 23 00:34:54 2026...
