TRACE::2026-06-23.01:10:35::SCWPlatform::Trying to open the hw design at F:/Vivado/Projects/project_ddr/mb_project_ddr/design_ddr_wrapper/hw/design_ddr_wrapper.xsa
TRACE::2026-06-23.01:10:35::SCWPlatform::DSA given F:/Vivado/Projects/project_ddr/mb_project_ddr/design_ddr_wrapper/hw/design_ddr_wrapper.xsa
TRACE::2026-06-23.01:10:35::SCWPlatform::DSA absoulate path F:/Vivado/Projects/project_ddr/mb_project_ddr/design_ddr_wrapper/hw/design_ddr_wrapper.xsa
TRACE::2026-06-23.01:10:35::SCWPlatform::DSA directory F:/Vivado/Projects/project_ddr/mb_project_ddr/design_ddr_wrapper/hw
TRACE::2026-06-23.01:10:35::SCWPlatform:: Platform Path F:/Vivado/Projects/project_ddr/mb_project_ddr/design_ddr_wrapper/hw/design_ddr_wrapper.xsa
TRACE::2026-06-23.01:10:35::SCWPlatform:: Unique name xilinx:::0.0
TRACE::2026-06-23.01:10:35::SCWPlatform::Do not have an existing db opened. 
TRACE::2026-06-23.01:10:40::SCWPlatform::Opened new HwDB with name design_ddr_wrapper_0
TRACE::2026-06-23.01:10:40::SCWWriter::formatted JSON is {
	"platformName":	"design_ddr_wrapper",
	"sprVersion":	"2.0",
	"mode":	"gui",
	"dsaType":	"Fixed",
	"platformDesc":	"design_ddr_wrapper",
	"platHandOff":	"F:/Vivado/Projects/project_ddr/design_ddr_wrapper.xsa",
	"platIntHandOff":	"<platformDir>/hw/design_ddr_wrapper.xsa",
	"deviceType":	"FPGA",
	"platIsPrebuiltAutogen":	"false",
	"platIsNoBootBsp":	"false",
	"hasFsblMakeHasChanges":	"false",
	"hasPmufwMakeHasChanges":	"false",
	"platPreBuiltFlag":	false,
	"platformSamplesDir":	""
}
TRACE::2026-06-23.01:10:40::SCWWriter::formatted JSON is {
	"platformName":	"design_ddr_wrapper",
	"sprVersion":	"2.0",
	"mode":	"gui",
	"dsaType":	"Fixed",
	"platformDesc":	"design_ddr_wrapper",
	"platHandOff":	"F:/Vivado/Projects/project_ddr/design_ddr_wrapper.xsa",
	"platIntHandOff":	"<platformDir>/hw/design_ddr_wrapper.xsa",
	"deviceType":	"FPGA",
	"platIsPrebuiltAutogen":	"false",
	"platIsNoBootBsp":	"false",
	"hasFsblMakeHasChanges":	"false",
	"hasPmufwMakeHasChanges":	"false",
	"platPreBuiltFlag":	false,
	"platformSamplesDir":	"",
	"platActiveSys":	"design_ddr_wrapper",
	"systems":	[{
			"systemName":	"design_ddr_wrapper",
			"systemDesc":	"design_ddr_wrapper",
			"sysIsBootAutoGen":	"true",
			"systemDispName":	"design_ddr_wrapper"
		}]
}
TRACE::2026-06-23.01:10:40::SCWPlatform::Boot application domains not present, creating them
TRACE::2026-06-23.01:10:40::SCWPlatform::Pure FPGA device, no boot application will be created.
TRACE::2026-06-23.01:10:40::SCWWriter::formatted JSON is {
	"platformName":	"design_ddr_wrapper",
	"sprVersion":	"2.0",
	"mode":	"gui",
	"dsaType":	"Fixed",
	"platformDesc":	"design_ddr_wrapper",
	"platHandOff":	"F:/Vivado/Projects/project_ddr/design_ddr_wrapper.xsa",
	"platIntHandOff":	"<platformDir>/hw/design_ddr_wrapper.xsa",
	"deviceType":	"FPGA",
	"platIsPrebuiltAutogen":	"false",
	"platIsNoBootBsp":	"false",
	"hasFsblMakeHasChanges":	"false",
	"hasPmufwMakeHasChanges":	"false",
	"platPreBuiltFlag":	false,
	"platformSamplesDir":	"",
	"platActiveSys":	"design_ddr_wrapper",
	"systems":	[{
			"systemName":	"design_ddr_wrapper",
			"systemDesc":	"design_ddr_wrapper",
			"sysIsBootAutoGen":	"true",
			"systemDispName":	"design_ddr_wrapper"
		}]
}
TRACE::2026-06-23.01:10:40::SCWWriter::formatted JSON is {
	"platformName":	"design_ddr_wrapper",
	"sprVersion":	"2.0",
	"mode":	"gui",
	"dsaType":	"Fixed",
	"platformDesc":	"design_ddr_wrapper",
	"platHandOff":	"F:/Vivado/Projects/project_ddr/design_ddr_wrapper.xsa",
	"platIntHandOff":	"<platformDir>/hw/design_ddr_wrapper.xsa",
	"deviceType":	"FPGA",
	"platIsPrebuiltAutogen":	"false",
	"platIsNoBootBsp":	"false",
	"hasFsblMakeHasChanges":	"false",
	"hasPmufwMakeHasChanges":	"false",
	"platPreBuiltFlag":	false,
	"platformSamplesDir":	"",
	"platActiveSys":	"design_ddr_wrapper",
	"systems":	[{
			"systemName":	"design_ddr_wrapper",
			"systemDesc":	"design_ddr_wrapper",
			"sysIsBootAutoGen":	"true",
			"systemDispName":	"design_ddr_wrapper"
		}]
}
TRACE::2026-06-23.01:10:40::SCWPlatform::Trying to open the hw design at F:/Vivado/Projects/project_ddr/mb_project_ddr/design_ddr_wrapper/hw/design_ddr_wrapper.xsa
TRACE::2026-06-23.01:10:40::SCWPlatform::DSA given F:/Vivado/Projects/project_ddr/mb_project_ddr/design_ddr_wrapper/hw/design_ddr_wrapper.xsa
TRACE::2026-06-23.01:10:40::SCWPlatform::DSA absoulate path F:/Vivado/Projects/project_ddr/mb_project_ddr/design_ddr_wrapper/hw/design_ddr_wrapper.xsa
TRACE::2026-06-23.01:10:40::SCWPlatform::DSA directory F:/Vivado/Projects/project_ddr/mb_project_ddr/design_ddr_wrapper/hw
TRACE::2026-06-23.01:10:40::SCWPlatform:: Platform Path F:/Vivado/Projects/project_ddr/mb_project_ddr/design_ddr_wrapper/hw/design_ddr_wrapper.xsa
TRACE::2026-06-23.01:10:40::SCWPlatform:: Unique name xilinx:::0.0
TRACE::2026-06-23.01:10:40::SCWPlatform::Trying to set the existing hwdb with name design_ddr_wrapper_0
TRACE::2026-06-23.01:10:40::SCWPlatform::Opened existing hwdb design_ddr_wrapper_0
TRACE::2026-06-23.01:10:40::SCWPlatform::Found the Hw Db part of the input DSA
TRACE::2026-06-23.01:10:40::SCWPlatform::Trying to open the hw design at F:/Vivado/Projects/project_ddr/mb_project_ddr/design_ddr_wrapper/hw/design_ddr_wrapper.xsa
TRACE::2026-06-23.01:10:40::SCWPlatform::DSA given F:/Vivado/Projects/project_ddr/mb_project_ddr/design_ddr_wrapper/hw/design_ddr_wrapper.xsa
TRACE::2026-06-23.01:10:40::SCWPlatform::DSA absoulate path F:/Vivado/Projects/project_ddr/mb_project_ddr/design_ddr_wrapper/hw/design_ddr_wrapper.xsa
TRACE::2026-06-23.01:10:40::SCWPlatform::DSA directory F:/Vivado/Projects/project_ddr/mb_project_ddr/design_ddr_wrapper/hw
TRACE::2026-06-23.01:10:40::SCWPlatform:: Platform Path F:/Vivado/Projects/project_ddr/mb_project_ddr/design_ddr_wrapper/hw/design_ddr_wrapper.xsa
TRACE::2026-06-23.01:10:40::SCWPlatform:: Unique name xilinx:::0.0
TRACE::2026-06-23.01:10:40::SCWPlatform::Trying to set the existing hwdb with name design_ddr_wrapper_0
TRACE::2026-06-23.01:10:40::SCWPlatform::Opened existing hwdb design_ddr_wrapper_0
TRACE::2026-06-23.01:10:40::SCWPlatform::Found the Hw Db part of the input DSA
TRACE::2026-06-23.01:10:40::SCWDomain::checking for install qemu data   : 
TRACE::2026-06-23.01:10:40::SCWPlatform::Trying to open the hw design at F:/Vivado/Projects/project_ddr/mb_project_ddr/design_ddr_wrapper/hw/design_ddr_wrapper.xsa
TRACE::2026-06-23.01:10:40::SCWPlatform::DSA given F:/Vivado/Projects/project_ddr/mb_project_ddr/design_ddr_wrapper/hw/design_ddr_wrapper.xsa
TRACE::2026-06-23.01:10:40::SCWPlatform::DSA absoulate path F:/Vivado/Projects/project_ddr/mb_project_ddr/design_ddr_wrapper/hw/design_ddr_wrapper.xsa
TRACE::2026-06-23.01:10:40::SCWPlatform::DSA directory F:/Vivado/Projects/project_ddr/mb_project_ddr/design_ddr_wrapper/hw
TRACE::2026-06-23.01:10:40::SCWPlatform:: Platform Path F:/Vivado/Projects/project_ddr/mb_project_ddr/design_ddr_wrapper/hw/design_ddr_wrapper.xsa
TRACE::2026-06-23.01:10:40::SCWPlatform:: Unique name xilinx:::0.0
TRACE::2026-06-23.01:10:40::SCWPlatform::Trying to set the existing hwdb with name design_ddr_wrapper_0
TRACE::2026-06-23.01:10:40::SCWPlatform::Opened existing hwdb design_ddr_wrapper_0
TRACE::2026-06-23.01:10:40::SCWPlatform::Found the Hw Db part of the input DSA
TRACE::2026-06-23.01:10:40::SCWPlatform::Trying to open the hw design at F:/Vivado/Projects/project_ddr/mb_project_ddr/design_ddr_wrapper/hw/design_ddr_wrapper.xsa
TRACE::2026-06-23.01:10:40::SCWPlatform::DSA given F:/Vivado/Projects/project_ddr/mb_project_ddr/design_ddr_wrapper/hw/design_ddr_wrapper.xsa
TRACE::2026-06-23.01:10:40::SCWPlatform::DSA absoulate path F:/Vivado/Projects/project_ddr/mb_project_ddr/design_ddr_wrapper/hw/design_ddr_wrapper.xsa
TRACE::2026-06-23.01:10:40::SCWPlatform::DSA directory F:/Vivado/Projects/project_ddr/mb_project_ddr/design_ddr_wrapper/hw
TRACE::2026-06-23.01:10:40::SCWPlatform:: Platform Path F:/Vivado/Projects/project_ddr/mb_project_ddr/design_ddr_wrapper/hw/design_ddr_wrapper.xsa
TRACE::2026-06-23.01:10:40::SCWPlatform:: Unique name xilinx:::0.0
TRACE::2026-06-23.01:10:40::SCWPlatform::Trying to set the existing hwdb with name design_ddr_wrapper_0
TRACE::2026-06-23.01:10:40::SCWPlatform::Opened existing hwdb design_ddr_wrapper_0
TRACE::2026-06-23.01:10:40::SCWPlatform::Found the Hw Db part of the input DSA
TRACE::2026-06-23.01:10:40::SCWPlatform::Trying to open the hw design at F:/Vivado/Projects/project_ddr/mb_project_ddr/design_ddr_wrapper/hw/design_ddr_wrapper.xsa
TRACE::2026-06-23.01:10:40::SCWPlatform::DSA given F:/Vivado/Projects/project_ddr/mb_project_ddr/design_ddr_wrapper/hw/design_ddr_wrapper.xsa
TRACE::2026-06-23.01:10:40::SCWPlatform::DSA absoulate path F:/Vivado/Projects/project_ddr/mb_project_ddr/design_ddr_wrapper/hw/design_ddr_wrapper.xsa
TRACE::2026-06-23.01:10:40::SCWPlatform::DSA directory F:/Vivado/Projects/project_ddr/mb_project_ddr/design_ddr_wrapper/hw
TRACE::2026-06-23.01:10:40::SCWPlatform:: Platform Path F:/Vivado/Projects/project_ddr/mb_project_ddr/design_ddr_wrapper/hw/design_ddr_wrapper.xsa
TRACE::2026-06-23.01:10:40::SCWPlatform:: Unique name xilinx:::0.0
TRACE::2026-06-23.01:10:40::SCWPlatform::Trying to set the existing hwdb with name design_ddr_wrapper_0
TRACE::2026-06-23.01:10:40::SCWPlatform::Opened existing hwdb design_ddr_wrapper_0
TRACE::2026-06-23.01:10:40::SCWPlatform::Found the Hw Db part of the input DSA
TRACE::2026-06-23.01:10:40::SCWMssOS::Checking the sw design at  F:/Vivado/Projects/project_ddr/mb_project_ddr/design_ddr_wrapper/microblaze_core_0_microblaze_0/standalone_microblaze_core_0_microblaze_0/bsp/system.mss
TRACE::2026-06-23.01:10:40::SCWMssOS::DEBUG:  swdes dump  
TRACE::2026-06-23.01:10:40::SCWMssOS::No sw design opened at  F:/Vivado/Projects/project_ddr/mb_project_ddr/design_ddr_wrapper/microblaze_core_0_microblaze_0/standalone_microblaze_core_0_microblaze_0/bsp/system.mss
TRACE::2026-06-23.01:10:40::SCWMssOS::mss does not exists at F:/Vivado/Projects/project_ddr/mb_project_ddr/design_ddr_wrapper/microblaze_core_0_microblaze_0/standalone_microblaze_core_0_microblaze_0/bsp/system.mss
TRACE::2026-06-23.01:10:40::SCWMssOS::Creating sw design at  F:/Vivado/Projects/project_ddr/mb_project_ddr/design_ddr_wrapper/microblaze_core_0_microblaze_0/standalone_microblaze_core_0_microblaze_0/bsp/system.mss
TRACE::2026-06-23.01:10:40::SCWMssOS::Adding the swdes entry, created swdb F:/Vivado/Projects/project_ddr/mb_project_ddr/design_ddr_wrapper/microblaze_core_0_microblaze_0/standalone_microblaze_core_0_microblaze_0/bsp/system.mss with des name F:/Vivado/Projects/project_ddr/mb_project_ddr/design_ddr_wrapper/microblaze_core_0_microblaze_0/standalone_microblaze_core_0_microblaze_0/bsp/system.mss
TRACE::2026-06-23.01:10:40::SCWMssOS::updating the scw layer changes to swdes at   F:/Vivado/Projects/project_ddr/mb_project_ddr/design_ddr_wrapper/microblaze_core_0_microblaze_0/standalone_microblaze_core_0_microblaze_0/bsp/system.mss
TRACE::2026-06-23.01:10:40::SCWMssOS::Writing mss at F:/Vivado/Projects/project_ddr/mb_project_ddr/design_ddr_wrapper/microblaze_core_0_microblaze_0/standalone_microblaze_core_0_microblaze_0/bsp/system.mss
TRACE::2026-06-23.01:10:40::SCWMssOS::Completed writing the mss file at F:/Vivado/Projects/project_ddr/mb_project_ddr/design_ddr_wrapper/microblaze_core_0_microblaze_0/standalone_microblaze_core_0_microblaze_0/bsp
TRACE::2026-06-23.01:10:40::SCWMssOS::Picking up changes from newly written mss file into SCW Layer. 
TRACE::2026-06-23.01:10:40::SCWMssOS::Updated the changes from newly written mss file into SCW Layer. 
TRACE::2026-06-23.01:10:40::SCWMssOS::Completed writing the mss file at F:/Vivado/Projects/project_ddr/mb_project_ddr/design_ddr_wrapper/microblaze_core_0_microblaze_0/standalone_microblaze_core_0_microblaze_0/bsp
TRACE::2026-06-23.01:10:40::SCWMssOS::Forcing BSP Sources regeneration.
TRACE::2026-06-23.01:10:43::SCWMssOS::Saving the mss changes F:/Vivado/Projects/project_ddr/mb_project_ddr/design_ddr_wrapper/microblaze_core_0_microblaze_0/standalone_microblaze_core_0_microblaze_0/bsp/system.mss
TRACE::2026-06-23.01:10:43::SCWMssOS::Adding the swdes entry, mss present, able to open swdb F:/Vivado/Projects/project_ddr/mb_project_ddr/design_ddr_wrapper/microblaze_core_0_microblaze_0/standalone_microblaze_core_0_microblaze_0/bsp/system.mss with des name system
TRACE::2026-06-23.01:10:43::SCWMssOS::Writing the mss file completed F:/Vivado/Projects/project_ddr/mb_project_ddr/design_ddr_wrapper/microblaze_core_0_microblaze_0/standalone_microblaze_core_0_microblaze_0/bsp/system.mss
TRACE::2026-06-23.01:10:43::SCWMssOS::Commit changes completed.
TRACE::2026-06-23.01:10:43::SCWPlatform::Trying to open the hw design at F:/Vivado/Projects/project_ddr/mb_project_ddr/design_ddr_wrapper/hw/design_ddr_wrapper.xsa
TRACE::2026-06-23.01:10:43::SCWPlatform::DSA given F:/Vivado/Projects/project_ddr/mb_project_ddr/design_ddr_wrapper/hw/design_ddr_wrapper.xsa
TRACE::2026-06-23.01:10:43::SCWPlatform::DSA absoulate path F:/Vivado/Projects/project_ddr/mb_project_ddr/design_ddr_wrapper/hw/design_ddr_wrapper.xsa
TRACE::2026-06-23.01:10:43::SCWPlatform::DSA directory F:/Vivado/Projects/project_ddr/mb_project_ddr/design_ddr_wrapper/hw
TRACE::2026-06-23.01:10:43::SCWPlatform:: Platform Path F:/Vivado/Projects/project_ddr/mb_project_ddr/design_ddr_wrapper/hw/design_ddr_wrapper.xsa
TRACE::2026-06-23.01:10:43::SCWPlatform:: Unique name xilinx:::0.0
TRACE::2026-06-23.01:10:43::SCWPlatform::Trying to set the existing hwdb with name design_ddr_wrapper_0
TRACE::2026-06-23.01:10:43::SCWPlatform::Opened existing hwdb design_ddr_wrapper_0
TRACE::2026-06-23.01:10:43::SCWPlatform::Found the Hw Db part of the input DSA
TRACE::2026-06-23.01:10:43::SCWMssOS::Checking the sw design at  F:/Vivado/Projects/project_ddr/mb_project_ddr/design_ddr_wrapper/microblaze_core_0_microblaze_0/standalone_microblaze_core_0_microblaze_0/bsp/system.mss
TRACE::2026-06-23.01:10:43::SCWMssOS::DEBUG:  swdes dump  F:/Vivado/Projects/project_ddr/mb_project_ddr/design_ddr_wrapper/microblaze_core_0_microblaze_0/standalone_microblaze_core_0_microblaze_0/bsp/system.mss|system||

TRACE::2026-06-23.01:10:43::SCWMssOS::Sw design exists and opened at  F:/Vivado/Projects/project_ddr/mb_project_ddr/design_ddr_wrapper/microblaze_core_0_microblaze_0/standalone_microblaze_core_0_microblaze_0/bsp/system.mss
TRACE::2026-06-23.01:10:43::SCWPlatform::Trying to open the hw design at F:/Vivado/Projects/project_ddr/mb_project_ddr/design_ddr_wrapper/hw/design_ddr_wrapper.xsa
TRACE::2026-06-23.01:10:43::SCWPlatform::DSA given F:/Vivado/Projects/project_ddr/mb_project_ddr/design_ddr_wrapper/hw/design_ddr_wrapper.xsa
TRACE::2026-06-23.01:10:43::SCWPlatform::DSA absoulate path F:/Vivado/Projects/project_ddr/mb_project_ddr/design_ddr_wrapper/hw/design_ddr_wrapper.xsa
TRACE::2026-06-23.01:10:43::SCWPlatform::DSA directory F:/Vivado/Projects/project_ddr/mb_project_ddr/design_ddr_wrapper/hw
TRACE::2026-06-23.01:10:43::SCWPlatform:: Platform Path F:/Vivado/Projects/project_ddr/mb_project_ddr/design_ddr_wrapper/hw/design_ddr_wrapper.xsa
TRACE::2026-06-23.01:10:43::SCWPlatform:: Unique name xilinx:::0.0
TRACE::2026-06-23.01:10:43::SCWPlatform::Trying to set the existing hwdb with name design_ddr_wrapper_0
TRACE::2026-06-23.01:10:43::SCWPlatform::Opened existing hwdb design_ddr_wrapper_0
TRACE::2026-06-23.01:10:43::SCWPlatform::Found the Hw Db part of the input DSA
TRACE::2026-06-23.01:10:43::SCWMssOS::Checking the sw design at  F:/Vivado/Projects/project_ddr/mb_project_ddr/design_ddr_wrapper/microblaze_core_0_microblaze_0/standalone_microblaze_core_0_microblaze_0/bsp/system.mss
TRACE::2026-06-23.01:10:43::SCWMssOS::DEBUG:  swdes dump  F:/Vivado/Projects/project_ddr/mb_project_ddr/design_ddr_wrapper/microblaze_core_0_microblaze_0/standalone_microblaze_core_0_microblaze_0/bsp/system.mss|system||

TRACE::2026-06-23.01:10:43::SCWMssOS::Sw design exists and opened at  F:/Vivado/Projects/project_ddr/mb_project_ddr/design_ddr_wrapper/microblaze_core_0_microblaze_0/standalone_microblaze_core_0_microblaze_0/bsp/system.mss
TRACE::2026-06-23.01:10:43::SCWPlatform::Trying to open the hw design at F:/Vivado/Projects/project_ddr/mb_project_ddr/design_ddr_wrapper/hw/design_ddr_wrapper.xsa
TRACE::2026-06-23.01:10:43::SCWPlatform::DSA given F:/Vivado/Projects/project_ddr/mb_project_ddr/design_ddr_wrapper/hw/design_ddr_wrapper.xsa
TRACE::2026-06-23.01:10:43::SCWPlatform::DSA absoulate path F:/Vivado/Projects/project_ddr/mb_project_ddr/design_ddr_wrapper/hw/design_ddr_wrapper.xsa
TRACE::2026-06-23.01:10:43::SCWPlatform::DSA directory F:/Vivado/Projects/project_ddr/mb_project_ddr/design_ddr_wrapper/hw
TRACE::2026-06-23.01:10:43::SCWPlatform:: Platform Path F:/Vivado/Projects/project_ddr/mb_project_ddr/design_ddr_wrapper/hw/design_ddr_wrapper.xsa
TRACE::2026-06-23.01:10:43::SCWPlatform:: Unique name xilinx:::0.0
TRACE::2026-06-23.01:10:43::SCWPlatform::Trying to set the existing hwdb with name design_ddr_wrapper_0
TRACE::2026-06-23.01:10:43::SCWPlatform::Opened existing hwdb design_ddr_wrapper_0
TRACE::2026-06-23.01:10:43::SCWPlatform::Found the Hw Db part of the input DSA
TRACE::2026-06-23.01:10:43::SCWMssOS::Checking the sw design at  F:/Vivado/Projects/project_ddr/mb_project_ddr/design_ddr_wrapper/microblaze_core_0_microblaze_0/standalone_microblaze_core_0_microblaze_0/bsp/system.mss
TRACE::2026-06-23.01:10:43::SCWMssOS::DEBUG:  swdes dump  F:/Vivado/Projects/project_ddr/mb_project_ddr/design_ddr_wrapper/microblaze_core_0_microblaze_0/standalone_microblaze_core_0_microblaze_0/bsp/system.mss|system||

TRACE::2026-06-23.01:10:43::SCWMssOS::Sw design exists and opened at  F:/Vivado/Projects/project_ddr/mb_project_ddr/design_ddr_wrapper/microblaze_core_0_microblaze_0/standalone_microblaze_core_0_microblaze_0/bsp/system.mss
TRACE::2026-06-23.01:10:43::SCWWriter::formatted JSON is {
	"platformName":	"design_ddr_wrapper",
	"sprVersion":	"2.0",
	"mode":	"gui",
	"dsaType":	"Fixed",
	"platformDesc":	"design_ddr_wrapper",
	"platHandOff":	"F:/Vivado/Projects/project_ddr/design_ddr_wrapper.xsa",
	"platIntHandOff":	"<platformDir>/hw/design_ddr_wrapper.xsa",
	"deviceType":	"FPGA",
	"platIsPrebuiltAutogen":	"false",
	"platIsNoBootBsp":	"false",
	"hasFsblMakeHasChanges":	"false",
	"hasPmufwMakeHasChanges":	"false",
	"platPreBuiltFlag":	false,
	"platformSamplesDir":	"",
	"platActiveSys":	"design_ddr_wrapper",
	"systems":	[{
			"systemName":	"design_ddr_wrapper",
			"systemDesc":	"design_ddr_wrapper",
			"sysIsBootAutoGen":	"true",
			"systemDispName":	"design_ddr_wrapper",
			"sysActiveDom":	"standalone_microblaze_core_0_microblaze_0",
			"sysDefaultDom":	"standalone_microblaze_core_0_microblaze_0",
			"domains":	[{
					"domainName":	"standalone_microblaze_core_0_microblaze_0",
					"domainDispName":	"standalone_microblaze_core_0_microblaze_0",
					"domainDesc":	"standalone_microblaze_core_0_microblaze_0",
					"processors":	"microblaze_core_0_microblaze_0",
					"os":	"standalone",
					"sdxOs":	"standalone",
					"debugEnable":	"False",
					"domRuntimes":	["cpp"],
					"swRepo":	"",
					"mssOsVer":	"9.2",
					"mssFile":	"",
					"md5Digest":	"d7c765e61a00edb160981b16879b276f",
					"compatibleApp":	"hello_world",
					"domType":	"mssDomain",
					"arch":	"32-bit",
					"appSettings":	{
						"appCompilerFlags":	"",
						"appLinkerFlags":	""
					},
					"addedLibs":	[],
					"libOptions":	{
						"libsContainingOptions":	[]
					},
					"prebuiltLibs":	{
						"prebuiltIncPath":	[],
						"prebuiltLibPath":	[]
					},
					"isolation":	{
					}
				}]
		}]
}
LOG::2026-06-23.01:10:43::SCWPlatform::Started generating the artifacts platform design_ddr_wrapper
TRACE::2026-06-23.01:10:43::SCWPlatform::Sanity checking of platform is completed
LOG::2026-06-23.01:10:43::SCWPlatform::Started generating the artifacts for system configuration design_ddr_wrapper
LOG::2026-06-23.01:10:43::SCWSystem::Checking the domain standalone_microblaze_core_0_microblaze_0
LOG::2026-06-23.01:10:43::SCWSystem::Not a boot domain 
LOG::2026-06-23.01:10:43::SCWSystem::Started Processing the domain standalone_microblaze_core_0_microblaze_0
TRACE::2026-06-23.01:10:43::SCWDomain::Generating domain artifcats
TRACE::2026-06-23.01:10:43::SCWMssOS::Generating standalone artifcats
TRACE::2026-06-23.01:10:43::SCWMssOS:: Copying the user libraries. 
TRACE::2026-06-23.01:10:43::SCWPlatform::Trying to open the hw design at F:/Vivado/Projects/project_ddr/mb_project_ddr/design_ddr_wrapper/hw/design_ddr_wrapper.xsa
TRACE::2026-06-23.01:10:43::SCWPlatform::DSA given F:/Vivado/Projects/project_ddr/mb_project_ddr/design_ddr_wrapper/hw/design_ddr_wrapper.xsa
TRACE::2026-06-23.01:10:43::SCWPlatform::DSA absoulate path F:/Vivado/Projects/project_ddr/mb_project_ddr/design_ddr_wrapper/hw/design_ddr_wrapper.xsa
TRACE::2026-06-23.01:10:43::SCWPlatform::DSA directory F:/Vivado/Projects/project_ddr/mb_project_ddr/design_ddr_wrapper/hw
TRACE::2026-06-23.01:10:43::SCWPlatform:: Platform Path F:/Vivado/Projects/project_ddr/mb_project_ddr/design_ddr_wrapper/hw/design_ddr_wrapper.xsa
TRACE::2026-06-23.01:10:43::SCWPlatform:: Unique name xilinx:::0.0
TRACE::2026-06-23.01:10:43::SCWPlatform::Trying to set the existing hwdb with name design_ddr_wrapper_0
TRACE::2026-06-23.01:10:43::SCWPlatform::Opened existing hwdb design_ddr_wrapper_0
TRACE::2026-06-23.01:10:43::SCWPlatform::Found the Hw Db part of the input DSA
TRACE::2026-06-23.01:10:43::SCWMssOS::Checking the sw design at  F:/Vivado/Projects/project_ddr/mb_project_ddr/design_ddr_wrapper/microblaze_core_0_microblaze_0/standalone_microblaze_core_0_microblaze_0/bsp/system.mss
TRACE::2026-06-23.01:10:43::SCWMssOS::DEBUG:  swdes dump  F:/Vivado/Projects/project_ddr/mb_project_ddr/design_ddr_wrapper/microblaze_core_0_microblaze_0/standalone_microblaze_core_0_microblaze_0/bsp/system.mss|system||

TRACE::2026-06-23.01:10:43::SCWMssOS::Sw design exists and opened at  F:/Vivado/Projects/project_ddr/mb_project_ddr/design_ddr_wrapper/microblaze_core_0_microblaze_0/standalone_microblaze_core_0_microblaze_0/bsp/system.mss
TRACE::2026-06-23.01:10:43::SCWMssOS::Completed writing the mss file at F:/Vivado/Projects/project_ddr/mb_project_ddr/design_ddr_wrapper/microblaze_core_0_microblaze_0/standalone_microblaze_core_0_microblaze_0/bsp
TRACE::2026-06-23.01:10:43::SCWMssOS::Mss edits present, copying mssfile into export location F:/Vivado/Projects/project_ddr/mb_project_ddr/design_ddr_wrapper/microblaze_core_0_microblaze_0/standalone_microblaze_core_0_microblaze_0/bsp/system.mss
TRACE::2026-06-23.01:10:43::SCWMssOS::bsp generated is upto date with the mss file. Skipping bsp generation.
TRACE::2026-06-23.01:10:43::SCWMssOS::BSP is already built. skipping the bsp build ... 
TRACE::2026-06-23.01:10:43::SCWDomain::Skipping the build for domain :  standalone_microblaze_core_0_microblaze_0
TRACE::2026-06-23.01:10:43::SCWMssOS::skipping the bsp build ... 
TRACE::2026-06-23.01:10:43::SCWMssOS::Copying to export directory.
TRACE::2026-06-23.01:10:43::SCWMssOS:: Checking if to create the Supporting Applications
TRACE::2026-06-23.01:10:43::SCWMssOS:: No Linux domain exists, trying to generate FSBL 
LOG::2026-06-23.01:10:43::SCWSystem::Completed Processing the domain standalone_microblaze_core_0_microblaze_0
LOG::2026-06-23.01:10:43::SCWSystem::Completed Processing the sysconfig design_ddr_wrapper
LOG::2026-06-23.01:10:43::SCWPlatform::Completed generating the artifacts for system configuration design_ddr_wrapper
TRACE::2026-06-23.01:10:43::SCWPlatform::Started preparing the platform 
TRACE::2026-06-23.01:10:43::SCWSystem::Writing the bif file for system config design_ddr_wrapper
TRACE::2026-06-23.01:10:43::SCWSystem::dir created 
TRACE::2026-06-23.01:10:43::SCWSystem::Writing the bif 
TRACE::2026-06-23.01:10:43::SCWPlatform::Started writing the spfm file 
TRACE::2026-06-23.01:10:43::SCWPlatform::Started writing the xpfm file 
TRACE::2026-06-23.01:10:43::SCWPlatform::Completed generating the platform
TRACE::2026-06-23.01:10:43::SCWMssOS::Saving the mss changes F:/Vivado/Projects/project_ddr/mb_project_ddr/design_ddr_wrapper/microblaze_core_0_microblaze_0/standalone_microblaze_core_0_microblaze_0/bsp/system.mss
TRACE::2026-06-23.01:10:43::SCWMssOS::Found a swdesign opened with the mssfile.
TRACE::2026-06-23.01:10:43::SCWMssOS::Completed writemss as part of save.
TRACE::2026-06-23.01:10:43::SCWMssOS::Commit changes completed.
TRACE::2026-06-23.01:10:43::SCWPlatform::Trying to open the hw design at F:/Vivado/Projects/project_ddr/mb_project_ddr/design_ddr_wrapper/hw/design_ddr_wrapper.xsa
TRACE::2026-06-23.01:10:43::SCWPlatform::DSA given F:/Vivado/Projects/project_ddr/mb_project_ddr/design_ddr_wrapper/hw/design_ddr_wrapper.xsa
TRACE::2026-06-23.01:10:43::SCWPlatform::DSA absoulate path F:/Vivado/Projects/project_ddr/mb_project_ddr/design_ddr_wrapper/hw/design_ddr_wrapper.xsa
TRACE::2026-06-23.01:10:43::SCWPlatform::DSA directory F:/Vivado/Projects/project_ddr/mb_project_ddr/design_ddr_wrapper/hw
TRACE::2026-06-23.01:10:43::SCWPlatform:: Platform Path F:/Vivado/Projects/project_ddr/mb_project_ddr/design_ddr_wrapper/hw/design_ddr_wrapper.xsa
TRACE::2026-06-23.01:10:43::SCWPlatform:: Unique name xilinx:::0.0
TRACE::2026-06-23.01:10:43::SCWPlatform::Trying to set the existing hwdb with name design_ddr_wrapper_0
TRACE::2026-06-23.01:10:43::SCWPlatform::Opened existing hwdb design_ddr_wrapper_0
TRACE::2026-06-23.01:10:43::SCWPlatform::Found the Hw Db part of the input DSA
TRACE::2026-06-23.01:10:43::SCWMssOS::Checking the sw design at  F:/Vivado/Projects/project_ddr/mb_project_ddr/design_ddr_wrapper/microblaze_core_0_microblaze_0/standalone_microblaze_core_0_microblaze_0/bsp/system.mss
TRACE::2026-06-23.01:10:43::SCWMssOS::DEBUG:  swdes dump  F:/Vivado/Projects/project_ddr/mb_project_ddr/design_ddr_wrapper/microblaze_core_0_microblaze_0/standalone_microblaze_core_0_microblaze_0/bsp/system.mss|system||

TRACE::2026-06-23.01:10:43::SCWMssOS::Sw design exists and opened at  F:/Vivado/Projects/project_ddr/mb_project_ddr/design_ddr_wrapper/microblaze_core_0_microblaze_0/standalone_microblaze_core_0_microblaze_0/bsp/system.mss
TRACE::2026-06-23.01:10:43::SCWPlatform::Trying to open the hw design at F:/Vivado/Projects/project_ddr/mb_project_ddr/design_ddr_wrapper/hw/design_ddr_wrapper.xsa
TRACE::2026-06-23.01:10:43::SCWPlatform::DSA given F:/Vivado/Projects/project_ddr/mb_project_ddr/design_ddr_wrapper/hw/design_ddr_wrapper.xsa
TRACE::2026-06-23.01:10:43::SCWPlatform::DSA absoulate path F:/Vivado/Projects/project_ddr/mb_project_ddr/design_ddr_wrapper/hw/design_ddr_wrapper.xsa
TRACE::2026-06-23.01:10:43::SCWPlatform::DSA directory F:/Vivado/Projects/project_ddr/mb_project_ddr/design_ddr_wrapper/hw
TRACE::2026-06-23.01:10:43::SCWPlatform:: Platform Path F:/Vivado/Projects/project_ddr/mb_project_ddr/design_ddr_wrapper/hw/design_ddr_wrapper.xsa
TRACE::2026-06-23.01:10:43::SCWPlatform:: Unique name xilinx:::0.0
TRACE::2026-06-23.01:10:43::SCWPlatform::Trying to set the existing hwdb with name design_ddr_wrapper_0
TRACE::2026-06-23.01:10:43::SCWPlatform::Opened existing hwdb design_ddr_wrapper_0
TRACE::2026-06-23.01:10:43::SCWPlatform::Found the Hw Db part of the input DSA
TRACE::2026-06-23.01:10:43::SCWMssOS::Checking the sw design at  F:/Vivado/Projects/project_ddr/mb_project_ddr/design_ddr_wrapper/microblaze_core_0_microblaze_0/standalone_microblaze_core_0_microblaze_0/bsp/system.mss
TRACE::2026-06-23.01:10:43::SCWMssOS::DEBUG:  swdes dump  F:/Vivado/Projects/project_ddr/mb_project_ddr/design_ddr_wrapper/microblaze_core_0_microblaze_0/standalone_microblaze_core_0_microblaze_0/bsp/system.mss|system||

TRACE::2026-06-23.01:10:43::SCWMssOS::Sw design exists and opened at  F:/Vivado/Projects/project_ddr/mb_project_ddr/design_ddr_wrapper/microblaze_core_0_microblaze_0/standalone_microblaze_core_0_microblaze_0/bsp/system.mss
TRACE::2026-06-23.01:10:43::SCWPlatform::Trying to open the hw design at F:/Vivado/Projects/project_ddr/mb_project_ddr/design_ddr_wrapper/hw/design_ddr_wrapper.xsa
TRACE::2026-06-23.01:10:43::SCWPlatform::DSA given F:/Vivado/Projects/project_ddr/mb_project_ddr/design_ddr_wrapper/hw/design_ddr_wrapper.xsa
TRACE::2026-06-23.01:10:43::SCWPlatform::DSA absoulate path F:/Vivado/Projects/project_ddr/mb_project_ddr/design_ddr_wrapper/hw/design_ddr_wrapper.xsa
TRACE::2026-06-23.01:10:43::SCWPlatform::DSA directory F:/Vivado/Projects/project_ddr/mb_project_ddr/design_ddr_wrapper/hw
TRACE::2026-06-23.01:10:43::SCWPlatform:: Platform Path F:/Vivado/Projects/project_ddr/mb_project_ddr/design_ddr_wrapper/hw/design_ddr_wrapper.xsa
TRACE::2026-06-23.01:10:43::SCWPlatform:: Unique name xilinx:::0.0
TRACE::2026-06-23.01:10:43::SCWPlatform::Trying to set the existing hwdb with name design_ddr_wrapper_0
TRACE::2026-06-23.01:10:43::SCWPlatform::Opened existing hwdb design_ddr_wrapper_0
TRACE::2026-06-23.01:10:43::SCWPlatform::Found the Hw Db part of the input DSA
TRACE::2026-06-23.01:10:43::SCWMssOS::Checking the sw design at  F:/Vivado/Projects/project_ddr/mb_project_ddr/design_ddr_wrapper/microblaze_core_0_microblaze_0/standalone_microblaze_core_0_microblaze_0/bsp/system.mss
TRACE::2026-06-23.01:10:43::SCWMssOS::DEBUG:  swdes dump  F:/Vivado/Projects/project_ddr/mb_project_ddr/design_ddr_wrapper/microblaze_core_0_microblaze_0/standalone_microblaze_core_0_microblaze_0/bsp/system.mss|system||

TRACE::2026-06-23.01:10:43::SCWMssOS::Sw design exists and opened at  F:/Vivado/Projects/project_ddr/mb_project_ddr/design_ddr_wrapper/microblaze_core_0_microblaze_0/standalone_microblaze_core_0_microblaze_0/bsp/system.mss
TRACE::2026-06-23.01:10:43::SCWWriter::formatted JSON is {
	"platformName":	"design_ddr_wrapper",
	"sprVersion":	"2.0",
	"mode":	"gui",
	"dsaType":	"Fixed",
	"platformDesc":	"design_ddr_wrapper",
	"platHandOff":	"F:/Vivado/Projects/project_ddr/design_ddr_wrapper.xsa",
	"platIntHandOff":	"<platformDir>/hw/design_ddr_wrapper.xsa",
	"deviceType":	"FPGA",
	"platIsPrebuiltAutogen":	"false",
	"platIsNoBootBsp":	"false",
	"hasFsblMakeHasChanges":	"false",
	"hasPmufwMakeHasChanges":	"false",
	"platPreBuiltFlag":	false,
	"platformSamplesDir":	"",
	"platActiveSys":	"design_ddr_wrapper",
	"systems":	[{
			"systemName":	"design_ddr_wrapper",
			"systemDesc":	"design_ddr_wrapper",
			"sysIsBootAutoGen":	"true",
			"systemDispName":	"design_ddr_wrapper",
			"sysActiveDom":	"standalone_microblaze_core_0_microblaze_0",
			"sysDefaultDom":	"standalone_microblaze_core_0_microblaze_0",
			"domains":	[{
					"domainName":	"standalone_microblaze_core_0_microblaze_0",
					"domainDispName":	"standalone_microblaze_core_0_microblaze_0",
					"domainDesc":	"standalone_microblaze_core_0_microblaze_0",
					"processors":	"microblaze_core_0_microblaze_0",
					"os":	"standalone",
					"sdxOs":	"standalone",
					"debugEnable":	"False",
					"domRuntimes":	["cpp"],
					"swRepo":	"",
					"mssOsVer":	"9.2",
					"mssFile":	"",
					"md5Digest":	"d7c765e61a00edb160981b16879b276f",
					"compatibleApp":	"hello_world",
					"domType":	"mssDomain",
					"arch":	"32-bit",
					"appSettings":	{
						"appCompilerFlags":	"",
						"appLinkerFlags":	""
					},
					"addedLibs":	[],
					"libOptions":	{
						"libsContainingOptions":	[]
					},
					"prebuiltLibs":	{
						"prebuiltIncPath":	[],
						"prebuiltLibPath":	[]
					},
					"isolation":	{
					}
				}]
		}]
}
KEYINFO::2026-06-23.01:10:43::SCWPlatform::updated the xpfm file.
TRACE::2026-06-23.01:10:43::SCWPlatform::Trying to open the hw design at F:/Vivado/Projects/project_ddr/mb_project_ddr/design_ddr_wrapper/hw/design_ddr_wrapper.xsa
TRACE::2026-06-23.01:10:43::SCWPlatform::DSA given F:/Vivado/Projects/project_ddr/mb_project_ddr/design_ddr_wrapper/hw/design_ddr_wrapper.xsa
TRACE::2026-06-23.01:10:43::SCWPlatform::DSA absoulate path F:/Vivado/Projects/project_ddr/mb_project_ddr/design_ddr_wrapper/hw/design_ddr_wrapper.xsa
TRACE::2026-06-23.01:10:43::SCWPlatform::DSA directory F:/Vivado/Projects/project_ddr/mb_project_ddr/design_ddr_wrapper/hw
TRACE::2026-06-23.01:10:43::SCWPlatform:: Platform Path F:/Vivado/Projects/project_ddr/mb_project_ddr/design_ddr_wrapper/hw/design_ddr_wrapper.xsa
TRACE::2026-06-23.01:10:43::SCWPlatform:: Unique name xilinx:::0.0
TRACE::2026-06-23.01:10:43::SCWPlatform::Trying to set the existing hwdb with name design_ddr_wrapper_0
TRACE::2026-06-23.01:10:43::SCWPlatform::Opened existing hwdb design_ddr_wrapper_0
TRACE::2026-06-23.01:10:43::SCWPlatform::Found the Hw Db part of the input DSA
TRACE::2026-06-23.01:10:43::SCWMssOS::Checking the sw design at  F:/Vivado/Projects/project_ddr/mb_project_ddr/design_ddr_wrapper/microblaze_core_0_microblaze_0/standalone_microblaze_core_0_microblaze_0/bsp/system.mss
TRACE::2026-06-23.01:10:43::SCWMssOS::DEBUG:  swdes dump  F:/Vivado/Projects/project_ddr/mb_project_ddr/design_ddr_wrapper/microblaze_core_0_microblaze_0/standalone_microblaze_core_0_microblaze_0/bsp/system.mss|system||

TRACE::2026-06-23.01:10:43::SCWMssOS::Sw design exists and opened at  F:/Vivado/Projects/project_ddr/mb_project_ddr/design_ddr_wrapper/microblaze_core_0_microblaze_0/standalone_microblaze_core_0_microblaze_0/bsp/system.mss
TRACE::2026-06-23.01:10:43::SCWMssOS::Saving the mss changes F:/Vivado/Projects/project_ddr/mb_project_ddr/design_ddr_wrapper/microblaze_core_0_microblaze_0/standalone_microblaze_core_0_microblaze_0/bsp/system.mss
TRACE::2026-06-23.01:10:43::SCWMssOS::Found a swdesign opened with the mssfile.
TRACE::2026-06-23.01:10:43::SCWMssOS::Completed writemss as part of save.
TRACE::2026-06-23.01:10:43::SCWMssOS::Commit changes completed.
TRACE::2026-06-23.01:10:43::SCWPlatform::Trying to open the hw design at F:/Vivado/Projects/project_ddr/mb_project_ddr/design_ddr_wrapper/hw/design_ddr_wrapper.xsa
TRACE::2026-06-23.01:10:43::SCWPlatform::DSA given F:/Vivado/Projects/project_ddr/mb_project_ddr/design_ddr_wrapper/hw/design_ddr_wrapper.xsa
TRACE::2026-06-23.01:10:43::SCWPlatform::DSA absoulate path F:/Vivado/Projects/project_ddr/mb_project_ddr/design_ddr_wrapper/hw/design_ddr_wrapper.xsa
TRACE::2026-06-23.01:10:43::SCWPlatform::DSA directory F:/Vivado/Projects/project_ddr/mb_project_ddr/design_ddr_wrapper/hw
TRACE::2026-06-23.01:10:43::SCWPlatform:: Platform Path F:/Vivado/Projects/project_ddr/mb_project_ddr/design_ddr_wrapper/hw/design_ddr_wrapper.xsa
TRACE::2026-06-23.01:10:43::SCWPlatform:: Unique name xilinx:::0.0
TRACE::2026-06-23.01:10:43::SCWPlatform::Trying to set the existing hwdb with name design_ddr_wrapper_0
TRACE::2026-06-23.01:10:43::SCWPlatform::Opened existing hwdb design_ddr_wrapper_0
TRACE::2026-06-23.01:10:43::SCWPlatform::Found the Hw Db part of the input DSA
TRACE::2026-06-23.01:10:43::SCWMssOS::Checking the sw design at  F:/Vivado/Projects/project_ddr/mb_project_ddr/design_ddr_wrapper/microblaze_core_0_microblaze_0/standalone_microblaze_core_0_microblaze_0/bsp/system.mss
TRACE::2026-06-23.01:10:43::SCWMssOS::DEBUG:  swdes dump  F:/Vivado/Projects/project_ddr/mb_project_ddr/design_ddr_wrapper/microblaze_core_0_microblaze_0/standalone_microblaze_core_0_microblaze_0/bsp/system.mss|system||

TRACE::2026-06-23.01:10:43::SCWMssOS::Sw design exists and opened at  F:/Vivado/Projects/project_ddr/mb_project_ddr/design_ddr_wrapper/microblaze_core_0_microblaze_0/standalone_microblaze_core_0_microblaze_0/bsp/system.mss
TRACE::2026-06-23.01:10:43::SCWPlatform::Trying to open the hw design at F:/Vivado/Projects/project_ddr/mb_project_ddr/design_ddr_wrapper/hw/design_ddr_wrapper.xsa
TRACE::2026-06-23.01:10:43::SCWPlatform::DSA given F:/Vivado/Projects/project_ddr/mb_project_ddr/design_ddr_wrapper/hw/design_ddr_wrapper.xsa
TRACE::2026-06-23.01:10:43::SCWPlatform::DSA absoulate path F:/Vivado/Projects/project_ddr/mb_project_ddr/design_ddr_wrapper/hw/design_ddr_wrapper.xsa
TRACE::2026-06-23.01:10:43::SCWPlatform::DSA directory F:/Vivado/Projects/project_ddr/mb_project_ddr/design_ddr_wrapper/hw
TRACE::2026-06-23.01:10:43::SCWPlatform:: Platform Path F:/Vivado/Projects/project_ddr/mb_project_ddr/design_ddr_wrapper/hw/design_ddr_wrapper.xsa
TRACE::2026-06-23.01:10:43::SCWPlatform:: Unique name xilinx:::0.0
TRACE::2026-06-23.01:10:43::SCWPlatform::Trying to set the existing hwdb with name design_ddr_wrapper_0
TRACE::2026-06-23.01:10:43::SCWPlatform::Opened existing hwdb design_ddr_wrapper_0
TRACE::2026-06-23.01:10:43::SCWPlatform::Found the Hw Db part of the input DSA
TRACE::2026-06-23.01:10:43::SCWMssOS::Checking the sw design at  F:/Vivado/Projects/project_ddr/mb_project_ddr/design_ddr_wrapper/microblaze_core_0_microblaze_0/standalone_microblaze_core_0_microblaze_0/bsp/system.mss
TRACE::2026-06-23.01:10:43::SCWMssOS::DEBUG:  swdes dump  F:/Vivado/Projects/project_ddr/mb_project_ddr/design_ddr_wrapper/microblaze_core_0_microblaze_0/standalone_microblaze_core_0_microblaze_0/bsp/system.mss|system||

TRACE::2026-06-23.01:10:43::SCWMssOS::Sw design exists and opened at  F:/Vivado/Projects/project_ddr/mb_project_ddr/design_ddr_wrapper/microblaze_core_0_microblaze_0/standalone_microblaze_core_0_microblaze_0/bsp/system.mss
TRACE::2026-06-23.01:10:43::SCWPlatform::Trying to open the hw design at F:/Vivado/Projects/project_ddr/mb_project_ddr/design_ddr_wrapper/hw/design_ddr_wrapper.xsa
TRACE::2026-06-23.01:10:43::SCWPlatform::DSA given F:/Vivado/Projects/project_ddr/mb_project_ddr/design_ddr_wrapper/hw/design_ddr_wrapper.xsa
TRACE::2026-06-23.01:10:43::SCWPlatform::DSA absoulate path F:/Vivado/Projects/project_ddr/mb_project_ddr/design_ddr_wrapper/hw/design_ddr_wrapper.xsa
TRACE::2026-06-23.01:10:43::SCWPlatform::DSA directory F:/Vivado/Projects/project_ddr/mb_project_ddr/design_ddr_wrapper/hw
TRACE::2026-06-23.01:10:43::SCWPlatform:: Platform Path F:/Vivado/Projects/project_ddr/mb_project_ddr/design_ddr_wrapper/hw/design_ddr_wrapper.xsa
TRACE::2026-06-23.01:10:43::SCWPlatform:: Unique name xilinx:::0.0
TRACE::2026-06-23.01:10:43::SCWPlatform::Trying to set the existing hwdb with name design_ddr_wrapper_0
TRACE::2026-06-23.01:10:43::SCWPlatform::Opened existing hwdb design_ddr_wrapper_0
TRACE::2026-06-23.01:10:43::SCWPlatform::Found the Hw Db part of the input DSA
TRACE::2026-06-23.01:10:43::SCWMssOS::Checking the sw design at  F:/Vivado/Projects/project_ddr/mb_project_ddr/design_ddr_wrapper/microblaze_core_0_microblaze_0/standalone_microblaze_core_0_microblaze_0/bsp/system.mss
TRACE::2026-06-23.01:10:43::SCWMssOS::DEBUG:  swdes dump  F:/Vivado/Projects/project_ddr/mb_project_ddr/design_ddr_wrapper/microblaze_core_0_microblaze_0/standalone_microblaze_core_0_microblaze_0/bsp/system.mss|system||

TRACE::2026-06-23.01:10:43::SCWMssOS::Sw design exists and opened at  F:/Vivado/Projects/project_ddr/mb_project_ddr/design_ddr_wrapper/microblaze_core_0_microblaze_0/standalone_microblaze_core_0_microblaze_0/bsp/system.mss
TRACE::2026-06-23.01:10:43::SCWWriter::formatted JSON is {
	"platformName":	"design_ddr_wrapper",
	"sprVersion":	"2.0",
	"mode":	"gui",
	"dsaType":	"Fixed",
	"platformDesc":	"design_ddr_wrapper",
	"platHandOff":	"F:/Vivado/Projects/project_ddr/design_ddr_wrapper.xsa",
	"platIntHandOff":	"<platformDir>/hw/design_ddr_wrapper.xsa",
	"deviceType":	"FPGA",
	"platIsPrebuiltAutogen":	"false",
	"platIsNoBootBsp":	"false",
	"hasFsblMakeHasChanges":	"false",
	"hasPmufwMakeHasChanges":	"false",
	"platPreBuiltFlag":	false,
	"platformSamplesDir":	"",
	"platActiveSys":	"design_ddr_wrapper",
	"systems":	[{
			"systemName":	"design_ddr_wrapper",
			"systemDesc":	"design_ddr_wrapper",
			"sysIsBootAutoGen":	"true",
			"systemDispName":	"design_ddr_wrapper",
			"sysActiveDom":	"standalone_microblaze_core_0_microblaze_0",
			"sysDefaultDom":	"standalone_microblaze_core_0_microblaze_0",
			"domains":	[{
					"domainName":	"standalone_microblaze_core_0_microblaze_0",
					"domainDispName":	"standalone_microblaze_core_0_microblaze_0",
					"domainDesc":	"standalone_microblaze_core_0_microblaze_0",
					"processors":	"microblaze_core_0_microblaze_0",
					"os":	"standalone",
					"sdxOs":	"standalone",
					"debugEnable":	"False",
					"domRuntimes":	["cpp"],
					"swRepo":	"",
					"mssOsVer":	"9.2",
					"mssFile":	"",
					"md5Digest":	"d7c765e61a00edb160981b16879b276f",
					"compatibleApp":	"hello_world",
					"domType":	"mssDomain",
					"arch":	"32-bit",
					"appSettings":	{
						"appCompilerFlags":	"",
						"appLinkerFlags":	""
					},
					"addedLibs":	[],
					"libOptions":	{
						"libsContainingOptions":	[]
					},
					"prebuiltLibs":	{
						"prebuiltIncPath":	[],
						"prebuiltLibPath":	[]
					},
					"isolation":	{
					}
				}]
		}]
}
TRACE::2026-06-23.01:10:43::SCWPlatform::Trying to open the hw design at F:/Vivado/Projects/project_ddr/mb_project_ddr/design_ddr_wrapper/hw/design_ddr_wrapper.xsa
TRACE::2026-06-23.01:10:43::SCWPlatform::DSA given F:/Vivado/Projects/project_ddr/mb_project_ddr/design_ddr_wrapper/hw/design_ddr_wrapper.xsa
TRACE::2026-06-23.01:10:43::SCWPlatform::DSA absoulate path F:/Vivado/Projects/project_ddr/mb_project_ddr/design_ddr_wrapper/hw/design_ddr_wrapper.xsa
TRACE::2026-06-23.01:10:43::SCWPlatform::DSA directory F:/Vivado/Projects/project_ddr/mb_project_ddr/design_ddr_wrapper/hw
TRACE::2026-06-23.01:10:43::SCWPlatform:: Platform Path F:/Vivado/Projects/project_ddr/mb_project_ddr/design_ddr_wrapper/hw/design_ddr_wrapper.xsa
TRACE::2026-06-23.01:10:43::SCWPlatform:: Unique name xilinx:::0.0
TRACE::2026-06-23.01:10:43::SCWPlatform::Trying to set the existing hwdb with name design_ddr_wrapper_0
TRACE::2026-06-23.01:10:43::SCWPlatform::Opened existing hwdb design_ddr_wrapper_0
TRACE::2026-06-23.01:10:43::SCWPlatform::Found the Hw Db part of the input DSA
TRACE::2026-06-23.01:10:43::SCWMssOS::Checking the sw design at  F:/Vivado/Projects/project_ddr/mb_project_ddr/design_ddr_wrapper/microblaze_core_0_microblaze_0/standalone_microblaze_core_0_microblaze_0/bsp/system.mss
TRACE::2026-06-23.01:10:43::SCWMssOS::DEBUG:  swdes dump  F:/Vivado/Projects/project_ddr/mb_project_ddr/design_ddr_wrapper/microblaze_core_0_microblaze_0/standalone_microblaze_core_0_microblaze_0/bsp/system.mss|system||

TRACE::2026-06-23.01:10:43::SCWMssOS::Sw design exists and opened at  F:/Vivado/Projects/project_ddr/mb_project_ddr/design_ddr_wrapper/microblaze_core_0_microblaze_0/standalone_microblaze_core_0_microblaze_0/bsp/system.mss
TRACE::2026-06-23.01:10:43::SCWPlatform::Trying to open the hw design at F:/Vivado/Projects/project_ddr/mb_project_ddr/design_ddr_wrapper/hw/design_ddr_wrapper.xsa
TRACE::2026-06-23.01:10:43::SCWPlatform::DSA given F:/Vivado/Projects/project_ddr/mb_project_ddr/design_ddr_wrapper/hw/design_ddr_wrapper.xsa
TRACE::2026-06-23.01:10:43::SCWPlatform::DSA absoulate path F:/Vivado/Projects/project_ddr/mb_project_ddr/design_ddr_wrapper/hw/design_ddr_wrapper.xsa
TRACE::2026-06-23.01:10:43::SCWPlatform::DSA directory F:/Vivado/Projects/project_ddr/mb_project_ddr/design_ddr_wrapper/hw
TRACE::2026-06-23.01:10:43::SCWPlatform:: Platform Path F:/Vivado/Projects/project_ddr/mb_project_ddr/design_ddr_wrapper/hw/design_ddr_wrapper.xsa
TRACE::2026-06-23.01:10:43::SCWPlatform:: Unique name xilinx:::0.0
TRACE::2026-06-23.01:10:43::SCWPlatform::Trying to set the existing hwdb with name design_ddr_wrapper_0
TRACE::2026-06-23.01:10:43::SCWPlatform::Opened existing hwdb design_ddr_wrapper_0
TRACE::2026-06-23.01:10:43::SCWPlatform::Found the Hw Db part of the input DSA
TRACE::2026-06-23.01:10:43::SCWMssOS::Checking the sw design at  F:/Vivado/Projects/project_ddr/mb_project_ddr/design_ddr_wrapper/microblaze_core_0_microblaze_0/standalone_microblaze_core_0_microblaze_0/bsp/system.mss
TRACE::2026-06-23.01:10:43::SCWMssOS::DEBUG:  swdes dump  F:/Vivado/Projects/project_ddr/mb_project_ddr/design_ddr_wrapper/microblaze_core_0_microblaze_0/standalone_microblaze_core_0_microblaze_0/bsp/system.mss|system||

TRACE::2026-06-23.01:10:43::SCWMssOS::Sw design exists and opened at  F:/Vivado/Projects/project_ddr/mb_project_ddr/design_ddr_wrapper/microblaze_core_0_microblaze_0/standalone_microblaze_core_0_microblaze_0/bsp/system.mss
TRACE::2026-06-23.01:10:43::SCWMssOS::Saving the mss changes F:/Vivado/Projects/project_ddr/mb_project_ddr/design_ddr_wrapper/microblaze_core_0_microblaze_0/standalone_microblaze_core_0_microblaze_0/bsp/system.mss
TRACE::2026-06-23.01:10:43::SCWMssOS::Found a swdesign opened with the mssfile.
TRACE::2026-06-23.01:10:43::SCWMssOS::Completed writemss as part of save.
TRACE::2026-06-23.01:10:43::SCWMssOS::Commit changes completed.
TRACE::2026-06-23.01:10:43::SCWPlatform::Trying to open the hw design at F:/Vivado/Projects/project_ddr/mb_project_ddr/design_ddr_wrapper/hw/design_ddr_wrapper.xsa
TRACE::2026-06-23.01:10:43::SCWPlatform::DSA given F:/Vivado/Projects/project_ddr/mb_project_ddr/design_ddr_wrapper/hw/design_ddr_wrapper.xsa
TRACE::2026-06-23.01:10:43::SCWPlatform::DSA absoulate path F:/Vivado/Projects/project_ddr/mb_project_ddr/design_ddr_wrapper/hw/design_ddr_wrapper.xsa
TRACE::2026-06-23.01:10:43::SCWPlatform::DSA directory F:/Vivado/Projects/project_ddr/mb_project_ddr/design_ddr_wrapper/hw
TRACE::2026-06-23.01:10:43::SCWPlatform:: Platform Path F:/Vivado/Projects/project_ddr/mb_project_ddr/design_ddr_wrapper/hw/design_ddr_wrapper.xsa
TRACE::2026-06-23.01:10:43::SCWPlatform:: Unique name xilinx:::0.0
TRACE::2026-06-23.01:10:43::SCWPlatform::Trying to set the existing hwdb with name design_ddr_wrapper_0
TRACE::2026-06-23.01:10:43::SCWPlatform::Opened existing hwdb design_ddr_wrapper_0
TRACE::2026-06-23.01:10:43::SCWPlatform::Found the Hw Db part of the input DSA
TRACE::2026-06-23.01:10:43::SCWMssOS::Checking the sw design at  F:/Vivado/Projects/project_ddr/mb_project_ddr/design_ddr_wrapper/microblaze_core_0_microblaze_0/standalone_microblaze_core_0_microblaze_0/bsp/system.mss
TRACE::2026-06-23.01:10:43::SCWMssOS::DEBUG:  swdes dump  F:/Vivado/Projects/project_ddr/mb_project_ddr/design_ddr_wrapper/microblaze_core_0_microblaze_0/standalone_microblaze_core_0_microblaze_0/bsp/system.mss|system||

TRACE::2026-06-23.01:10:43::SCWMssOS::Sw design exists and opened at  F:/Vivado/Projects/project_ddr/mb_project_ddr/design_ddr_wrapper/microblaze_core_0_microblaze_0/standalone_microblaze_core_0_microblaze_0/bsp/system.mss
TRACE::2026-06-23.01:10:43::SCWPlatform::Trying to open the hw design at F:/Vivado/Projects/project_ddr/mb_project_ddr/design_ddr_wrapper/hw/design_ddr_wrapper.xsa
TRACE::2026-06-23.01:10:43::SCWPlatform::DSA given F:/Vivado/Projects/project_ddr/mb_project_ddr/design_ddr_wrapper/hw/design_ddr_wrapper.xsa
TRACE::2026-06-23.01:10:43::SCWPlatform::DSA absoulate path F:/Vivado/Projects/project_ddr/mb_project_ddr/design_ddr_wrapper/hw/design_ddr_wrapper.xsa
TRACE::2026-06-23.01:10:43::SCWPlatform::DSA directory F:/Vivado/Projects/project_ddr/mb_project_ddr/design_ddr_wrapper/hw
TRACE::2026-06-23.01:10:43::SCWPlatform:: Platform Path F:/Vivado/Projects/project_ddr/mb_project_ddr/design_ddr_wrapper/hw/design_ddr_wrapper.xsa
TRACE::2026-06-23.01:10:43::SCWPlatform:: Unique name xilinx:::0.0
TRACE::2026-06-23.01:10:43::SCWPlatform::Trying to set the existing hwdb with name design_ddr_wrapper_0
TRACE::2026-06-23.01:10:43::SCWPlatform::Opened existing hwdb design_ddr_wrapper_0
TRACE::2026-06-23.01:10:43::SCWPlatform::Found the Hw Db part of the input DSA
TRACE::2026-06-23.01:10:43::SCWMssOS::Checking the sw design at  F:/Vivado/Projects/project_ddr/mb_project_ddr/design_ddr_wrapper/microblaze_core_0_microblaze_0/standalone_microblaze_core_0_microblaze_0/bsp/system.mss
TRACE::2026-06-23.01:10:43::SCWMssOS::DEBUG:  swdes dump  F:/Vivado/Projects/project_ddr/mb_project_ddr/design_ddr_wrapper/microblaze_core_0_microblaze_0/standalone_microblaze_core_0_microblaze_0/bsp/system.mss|system||

TRACE::2026-06-23.01:10:43::SCWMssOS::Sw design exists and opened at  F:/Vivado/Projects/project_ddr/mb_project_ddr/design_ddr_wrapper/microblaze_core_0_microblaze_0/standalone_microblaze_core_0_microblaze_0/bsp/system.mss
TRACE::2026-06-23.01:10:43::SCWPlatform::Trying to open the hw design at F:/Vivado/Projects/project_ddr/mb_project_ddr/design_ddr_wrapper/hw/design_ddr_wrapper.xsa
TRACE::2026-06-23.01:10:43::SCWPlatform::DSA given F:/Vivado/Projects/project_ddr/mb_project_ddr/design_ddr_wrapper/hw/design_ddr_wrapper.xsa
TRACE::2026-06-23.01:10:43::SCWPlatform::DSA absoulate path F:/Vivado/Projects/project_ddr/mb_project_ddr/design_ddr_wrapper/hw/design_ddr_wrapper.xsa
TRACE::2026-06-23.01:10:43::SCWPlatform::DSA directory F:/Vivado/Projects/project_ddr/mb_project_ddr/design_ddr_wrapper/hw
TRACE::2026-06-23.01:10:43::SCWPlatform:: Platform Path F:/Vivado/Projects/project_ddr/mb_project_ddr/design_ddr_wrapper/hw/design_ddr_wrapper.xsa
TRACE::2026-06-23.01:10:43::SCWPlatform:: Unique name xilinx:::0.0
TRACE::2026-06-23.01:10:43::SCWPlatform::Trying to set the existing hwdb with name design_ddr_wrapper_0
TRACE::2026-06-23.01:10:43::SCWPlatform::Opened existing hwdb design_ddr_wrapper_0
TRACE::2026-06-23.01:10:43::SCWPlatform::Found the Hw Db part of the input DSA
TRACE::2026-06-23.01:10:43::SCWMssOS::Checking the sw design at  F:/Vivado/Projects/project_ddr/mb_project_ddr/design_ddr_wrapper/microblaze_core_0_microblaze_0/standalone_microblaze_core_0_microblaze_0/bsp/system.mss
TRACE::2026-06-23.01:10:43::SCWMssOS::DEBUG:  swdes dump  F:/Vivado/Projects/project_ddr/mb_project_ddr/design_ddr_wrapper/microblaze_core_0_microblaze_0/standalone_microblaze_core_0_microblaze_0/bsp/system.mss|system||

TRACE::2026-06-23.01:10:43::SCWMssOS::Sw design exists and opened at  F:/Vivado/Projects/project_ddr/mb_project_ddr/design_ddr_wrapper/microblaze_core_0_microblaze_0/standalone_microblaze_core_0_microblaze_0/bsp/system.mss
TRACE::2026-06-23.01:10:43::SCWWriter::formatted JSON is {
	"platformName":	"design_ddr_wrapper",
	"sprVersion":	"2.0",
	"mode":	"gui",
	"dsaType":	"Fixed",
	"platformDesc":	"design_ddr_wrapper",
	"platHandOff":	"F:/Vivado/Projects/project_ddr/design_ddr_wrapper.xsa",
	"platIntHandOff":	"<platformDir>/hw/design_ddr_wrapper.xsa",
	"deviceType":	"FPGA",
	"platIsPrebuiltAutogen":	"false",
	"platIsNoBootBsp":	"false",
	"hasFsblMakeHasChanges":	"false",
	"hasPmufwMakeHasChanges":	"false",
	"platPreBuiltFlag":	false,
	"platformSamplesDir":	"",
	"platActiveSys":	"design_ddr_wrapper",
	"systems":	[{
			"systemName":	"design_ddr_wrapper",
			"systemDesc":	"design_ddr_wrapper",
			"sysIsBootAutoGen":	"true",
			"systemDispName":	"design_ddr_wrapper",
			"sysActiveDom":	"standalone_microblaze_core_0_microblaze_0",
			"sysDefaultDom":	"standalone_microblaze_core_0_microblaze_0",
			"domains":	[{
					"domainName":	"standalone_microblaze_core_0_microblaze_0",
					"domainDispName":	"standalone_microblaze_core_0_microblaze_0",
					"domainDesc":	"standalone_microblaze_core_0_microblaze_0",
					"processors":	"microblaze_core_0_microblaze_0",
					"os":	"standalone",
					"sdxOs":	"standalone",
					"debugEnable":	"False",
					"domRuntimes":	["cpp"],
					"swRepo":	"",
					"mssOsVer":	"9.2",
					"mssFile":	"",
					"md5Digest":	"d7c765e61a00edb160981b16879b276f",
					"compatibleApp":	"hello_world",
					"domType":	"mssDomain",
					"arch":	"32-bit",
					"appSettings":	{
						"appCompilerFlags":	"",
						"appLinkerFlags":	""
					},
					"addedLibs":	[],
					"libOptions":	{
						"libsContainingOptions":	[]
					},
					"prebuiltLibs":	{
						"prebuiltIncPath":	[],
						"prebuiltLibPath":	[]
					},
					"isolation":	{
					}
				}]
		}]
}
LOG::2026-06-23.01:10:43::SCWPlatform::Started generating the artifacts platform design_ddr_wrapper
TRACE::2026-06-23.01:10:43::SCWPlatform::Sanity checking of platform is completed
LOG::2026-06-23.01:10:43::SCWPlatform::Started generating the artifacts for system configuration design_ddr_wrapper
LOG::2026-06-23.01:10:43::SCWSystem::Started Processing the domain standalone_microblaze_core_0_microblaze_0
TRACE::2026-06-23.01:10:43::SCWDomain::Generating domain artifcats
TRACE::2026-06-23.01:10:43::SCWMssOS::Generating standalone artifcats
TRACE::2026-06-23.01:10:43::SCWMssOS:: Copying the user libraries. 
TRACE::2026-06-23.01:10:43::SCWPlatform::Trying to open the hw design at F:/Vivado/Projects/project_ddr/mb_project_ddr/design_ddr_wrapper/hw/design_ddr_wrapper.xsa
TRACE::2026-06-23.01:10:43::SCWPlatform::DSA given F:/Vivado/Projects/project_ddr/mb_project_ddr/design_ddr_wrapper/hw/design_ddr_wrapper.xsa
TRACE::2026-06-23.01:10:43::SCWPlatform::DSA absoulate path F:/Vivado/Projects/project_ddr/mb_project_ddr/design_ddr_wrapper/hw/design_ddr_wrapper.xsa
TRACE::2026-06-23.01:10:43::SCWPlatform::DSA directory F:/Vivado/Projects/project_ddr/mb_project_ddr/design_ddr_wrapper/hw
TRACE::2026-06-23.01:10:43::SCWPlatform:: Platform Path F:/Vivado/Projects/project_ddr/mb_project_ddr/design_ddr_wrapper/hw/design_ddr_wrapper.xsa
TRACE::2026-06-23.01:10:43::SCWPlatform:: Unique name xilinx:::0.0
TRACE::2026-06-23.01:10:43::SCWPlatform::Trying to set the existing hwdb with name design_ddr_wrapper_0
TRACE::2026-06-23.01:10:43::SCWPlatform::Opened existing hwdb design_ddr_wrapper_0
TRACE::2026-06-23.01:10:43::SCWPlatform::Found the Hw Db part of the input DSA
TRACE::2026-06-23.01:10:43::SCWMssOS::Checking the sw design at  F:/Vivado/Projects/project_ddr/mb_project_ddr/design_ddr_wrapper/microblaze_core_0_microblaze_0/standalone_microblaze_core_0_microblaze_0/bsp/system.mss
TRACE::2026-06-23.01:10:43::SCWMssOS::DEBUG:  swdes dump  F:/Vivado/Projects/project_ddr/mb_project_ddr/design_ddr_wrapper/microblaze_core_0_microblaze_0/standalone_microblaze_core_0_microblaze_0/bsp/system.mss|system||

TRACE::2026-06-23.01:10:43::SCWMssOS::Sw design exists and opened at  F:/Vivado/Projects/project_ddr/mb_project_ddr/design_ddr_wrapper/microblaze_core_0_microblaze_0/standalone_microblaze_core_0_microblaze_0/bsp/system.mss
TRACE::2026-06-23.01:10:43::SCWMssOS::Completed writing the mss file at F:/Vivado/Projects/project_ddr/mb_project_ddr/design_ddr_wrapper/microblaze_core_0_microblaze_0/standalone_microblaze_core_0_microblaze_0/bsp
TRACE::2026-06-23.01:10:43::SCWMssOS::Mss edits present, copying mssfile into export location F:/Vivado/Projects/project_ddr/mb_project_ddr/design_ddr_wrapper/microblaze_core_0_microblaze_0/standalone_microblaze_core_0_microblaze_0/bsp/system.mss
TRACE::2026-06-23.01:10:43::SCWMssOS::bsp generated is upto date with the mss file. Skipping bsp generation.
TRACE::2026-06-23.01:10:43::SCWMssOS::BSP is already built. skipping the bsp build ... 
TRACE::2026-06-23.01:10:43::SCWDomain::Building the domain as part of full build :  standalone_microblaze_core_0_microblaze_0
TRACE::2026-06-23.01:10:43::SCWMssOS::skipping the bsp build ... 
TRACE::2026-06-23.01:10:43::SCWMssOS::Copying to export directory.
TRACE::2026-06-23.01:10:43::SCWMssOS:: Checking if to create the Supporting Applications
TRACE::2026-06-23.01:10:43::SCWMssOS:: No Linux domain exists, trying to generate FSBL 
LOG::2026-06-23.01:10:43::SCWSystem::Completed Processing the domain standalone_microblaze_core_0_microblaze_0
LOG::2026-06-23.01:10:43::SCWSystem::Completed Processing the sysconfig design_ddr_wrapper
LOG::2026-06-23.01:10:43::SCWPlatform::Completed generating the artifacts for system configuration design_ddr_wrapper
TRACE::2026-06-23.01:10:43::SCWPlatform::Started preparing the platform 
TRACE::2026-06-23.01:10:43::SCWSystem::Writing the bif file for system config design_ddr_wrapper
TRACE::2026-06-23.01:10:43::SCWSystem::dir created 
TRACE::2026-06-23.01:10:43::SCWSystem::Writing the bif 
TRACE::2026-06-23.01:10:43::SCWPlatform::Started writing the spfm file 
TRACE::2026-06-23.01:10:43::SCWPlatform::Started writing the xpfm file 
TRACE::2026-06-23.01:10:43::SCWPlatform::Completed generating the platform
TRACE::2026-06-23.01:10:43::SCWMssOS::Saving the mss changes F:/Vivado/Projects/project_ddr/mb_project_ddr/design_ddr_wrapper/microblaze_core_0_microblaze_0/standalone_microblaze_core_0_microblaze_0/bsp/system.mss
TRACE::2026-06-23.01:10:43::SCWMssOS::Found a swdesign opened with the mssfile.
TRACE::2026-06-23.01:10:43::SCWMssOS::Completed writemss as part of save.
TRACE::2026-06-23.01:10:43::SCWMssOS::Commit changes completed.
TRACE::2026-06-23.01:10:43::SCWPlatform::Trying to open the hw design at F:/Vivado/Projects/project_ddr/mb_project_ddr/design_ddr_wrapper/hw/design_ddr_wrapper.xsa
TRACE::2026-06-23.01:10:43::SCWPlatform::DSA given F:/Vivado/Projects/project_ddr/mb_project_ddr/design_ddr_wrapper/hw/design_ddr_wrapper.xsa
TRACE::2026-06-23.01:10:43::SCWPlatform::DSA absoulate path F:/Vivado/Projects/project_ddr/mb_project_ddr/design_ddr_wrapper/hw/design_ddr_wrapper.xsa
TRACE::2026-06-23.01:10:43::SCWPlatform::DSA directory F:/Vivado/Projects/project_ddr/mb_project_ddr/design_ddr_wrapper/hw
TRACE::2026-06-23.01:10:43::SCWPlatform:: Platform Path F:/Vivado/Projects/project_ddr/mb_project_ddr/design_ddr_wrapper/hw/design_ddr_wrapper.xsa
TRACE::2026-06-23.01:10:43::SCWPlatform:: Unique name xilinx:::0.0
TRACE::2026-06-23.01:10:43::SCWPlatform::Trying to set the existing hwdb with name design_ddr_wrapper_0
TRACE::2026-06-23.01:10:43::SCWPlatform::Opened existing hwdb design_ddr_wrapper_0
TRACE::2026-06-23.01:10:43::SCWPlatform::Found the Hw Db part of the input DSA
TRACE::2026-06-23.01:10:43::SCWMssOS::Checking the sw design at  F:/Vivado/Projects/project_ddr/mb_project_ddr/design_ddr_wrapper/microblaze_core_0_microblaze_0/standalone_microblaze_core_0_microblaze_0/bsp/system.mss
TRACE::2026-06-23.01:10:43::SCWMssOS::DEBUG:  swdes dump  F:/Vivado/Projects/project_ddr/mb_project_ddr/design_ddr_wrapper/microblaze_core_0_microblaze_0/standalone_microblaze_core_0_microblaze_0/bsp/system.mss|system||

TRACE::2026-06-23.01:10:43::SCWMssOS::Sw design exists and opened at  F:/Vivado/Projects/project_ddr/mb_project_ddr/design_ddr_wrapper/microblaze_core_0_microblaze_0/standalone_microblaze_core_0_microblaze_0/bsp/system.mss
TRACE::2026-06-23.01:10:43::SCWPlatform::Trying to open the hw design at F:/Vivado/Projects/project_ddr/mb_project_ddr/design_ddr_wrapper/hw/design_ddr_wrapper.xsa
TRACE::2026-06-23.01:10:43::SCWPlatform::DSA given F:/Vivado/Projects/project_ddr/mb_project_ddr/design_ddr_wrapper/hw/design_ddr_wrapper.xsa
TRACE::2026-06-23.01:10:43::SCWPlatform::DSA absoulate path F:/Vivado/Projects/project_ddr/mb_project_ddr/design_ddr_wrapper/hw/design_ddr_wrapper.xsa
TRACE::2026-06-23.01:10:43::SCWPlatform::DSA directory F:/Vivado/Projects/project_ddr/mb_project_ddr/design_ddr_wrapper/hw
TRACE::2026-06-23.01:10:43::SCWPlatform:: Platform Path F:/Vivado/Projects/project_ddr/mb_project_ddr/design_ddr_wrapper/hw/design_ddr_wrapper.xsa
TRACE::2026-06-23.01:10:43::SCWPlatform:: Unique name xilinx:::0.0
TRACE::2026-06-23.01:10:43::SCWPlatform::Trying to set the existing hwdb with name design_ddr_wrapper_0
TRACE::2026-06-23.01:10:43::SCWPlatform::Opened existing hwdb design_ddr_wrapper_0
TRACE::2026-06-23.01:10:43::SCWPlatform::Found the Hw Db part of the input DSA
TRACE::2026-06-23.01:10:43::SCWMssOS::Checking the sw design at  F:/Vivado/Projects/project_ddr/mb_project_ddr/design_ddr_wrapper/microblaze_core_0_microblaze_0/standalone_microblaze_core_0_microblaze_0/bsp/system.mss
TRACE::2026-06-23.01:10:43::SCWMssOS::DEBUG:  swdes dump  F:/Vivado/Projects/project_ddr/mb_project_ddr/design_ddr_wrapper/microblaze_core_0_microblaze_0/standalone_microblaze_core_0_microblaze_0/bsp/system.mss|system||

TRACE::2026-06-23.01:10:43::SCWMssOS::Sw design exists and opened at  F:/Vivado/Projects/project_ddr/mb_project_ddr/design_ddr_wrapper/microblaze_core_0_microblaze_0/standalone_microblaze_core_0_microblaze_0/bsp/system.mss
TRACE::2026-06-23.01:10:43::SCWPlatform::Trying to open the hw design at F:/Vivado/Projects/project_ddr/mb_project_ddr/design_ddr_wrapper/hw/design_ddr_wrapper.xsa
TRACE::2026-06-23.01:10:43::SCWPlatform::DSA given F:/Vivado/Projects/project_ddr/mb_project_ddr/design_ddr_wrapper/hw/design_ddr_wrapper.xsa
TRACE::2026-06-23.01:10:43::SCWPlatform::DSA absoulate path F:/Vivado/Projects/project_ddr/mb_project_ddr/design_ddr_wrapper/hw/design_ddr_wrapper.xsa
TRACE::2026-06-23.01:10:43::SCWPlatform::DSA directory F:/Vivado/Projects/project_ddr/mb_project_ddr/design_ddr_wrapper/hw
TRACE::2026-06-23.01:10:43::SCWPlatform:: Platform Path F:/Vivado/Projects/project_ddr/mb_project_ddr/design_ddr_wrapper/hw/design_ddr_wrapper.xsa
TRACE::2026-06-23.01:10:43::SCWPlatform:: Unique name xilinx:::0.0
TRACE::2026-06-23.01:10:43::SCWPlatform::Trying to set the existing hwdb with name design_ddr_wrapper_0
TRACE::2026-06-23.01:10:43::SCWPlatform::Opened existing hwdb design_ddr_wrapper_0
TRACE::2026-06-23.01:10:43::SCWPlatform::Found the Hw Db part of the input DSA
TRACE::2026-06-23.01:10:43::SCWMssOS::Checking the sw design at  F:/Vivado/Projects/project_ddr/mb_project_ddr/design_ddr_wrapper/microblaze_core_0_microblaze_0/standalone_microblaze_core_0_microblaze_0/bsp/system.mss
TRACE::2026-06-23.01:10:43::SCWMssOS::DEBUG:  swdes dump  F:/Vivado/Projects/project_ddr/mb_project_ddr/design_ddr_wrapper/microblaze_core_0_microblaze_0/standalone_microblaze_core_0_microblaze_0/bsp/system.mss|system||

TRACE::2026-06-23.01:10:43::SCWMssOS::Sw design exists and opened at  F:/Vivado/Projects/project_ddr/mb_project_ddr/design_ddr_wrapper/microblaze_core_0_microblaze_0/standalone_microblaze_core_0_microblaze_0/bsp/system.mss
TRACE::2026-06-23.01:10:43::SCWWriter::formatted JSON is {
	"platformName":	"design_ddr_wrapper",
	"sprVersion":	"2.0",
	"mode":	"gui",
	"dsaType":	"Fixed",
	"platformDesc":	"design_ddr_wrapper",
	"platHandOff":	"F:/Vivado/Projects/project_ddr/design_ddr_wrapper.xsa",
	"platIntHandOff":	"<platformDir>/hw/design_ddr_wrapper.xsa",
	"deviceType":	"FPGA",
	"platIsPrebuiltAutogen":	"false",
	"platIsNoBootBsp":	"false",
	"hasFsblMakeHasChanges":	"false",
	"hasPmufwMakeHasChanges":	"false",
	"platPreBuiltFlag":	false,
	"platformSamplesDir":	"",
	"platActiveSys":	"design_ddr_wrapper",
	"systems":	[{
			"systemName":	"design_ddr_wrapper",
			"systemDesc":	"design_ddr_wrapper",
			"sysIsBootAutoGen":	"true",
			"systemDispName":	"design_ddr_wrapper",
			"sysActiveDom":	"standalone_microblaze_core_0_microblaze_0",
			"sysDefaultDom":	"standalone_microblaze_core_0_microblaze_0",
			"domains":	[{
					"domainName":	"standalone_microblaze_core_0_microblaze_0",
					"domainDispName":	"standalone_microblaze_core_0_microblaze_0",
					"domainDesc":	"standalone_microblaze_core_0_microblaze_0",
					"processors":	"microblaze_core_0_microblaze_0",
					"os":	"standalone",
					"sdxOs":	"standalone",
					"debugEnable":	"False",
					"domRuntimes":	["cpp"],
					"swRepo":	"",
					"mssOsVer":	"9.2",
					"mssFile":	"",
					"md5Digest":	"d7c765e61a00edb160981b16879b276f",
					"compatibleApp":	"hello_world",
					"domType":	"mssDomain",
					"arch":	"32-bit",
					"appSettings":	{
						"appCompilerFlags":	"",
						"appLinkerFlags":	""
					},
					"addedLibs":	[],
					"libOptions":	{
						"libsContainingOptions":	[]
					},
					"prebuiltLibs":	{
						"prebuiltIncPath":	[],
						"prebuiltLibPath":	[]
					},
					"isolation":	{
					}
				}]
		}]
}
KEYINFO::2026-06-23.01:10:43::SCWPlatform::updated the xpfm file.
LOG::2026-06-23.01:14:34::SCWPlatform::Started generating the artifacts platform design_ddr_wrapper
TRACE::2026-06-23.01:14:34::SCWPlatform::Sanity checking of platform is completed
LOG::2026-06-23.01:14:34::SCWPlatform::Started generating the artifacts for system configuration design_ddr_wrapper
LOG::2026-06-23.01:14:34::SCWSystem::Checking the domain standalone_microblaze_core_0_microblaze_0
LOG::2026-06-23.01:14:34::SCWSystem::Not a boot domain 
LOG::2026-06-23.01:14:34::SCWSystem::Started Processing the domain standalone_microblaze_core_0_microblaze_0
TRACE::2026-06-23.01:14:34::SCWDomain::Generating domain artifcats
TRACE::2026-06-23.01:14:34::SCWMssOS::Generating standalone artifcats
TRACE::2026-06-23.01:14:34::SCWMssOS:: Copying the user libraries. 
TRACE::2026-06-23.01:14:34::SCWPlatform::Trying to open the hw design at F:/Vivado/Projects/project_ddr/mb_project_ddr/design_ddr_wrapper/hw/design_ddr_wrapper.xsa
TRACE::2026-06-23.01:14:34::SCWPlatform::DSA given F:/Vivado/Projects/project_ddr/mb_project_ddr/design_ddr_wrapper/hw/design_ddr_wrapper.xsa
TRACE::2026-06-23.01:14:34::SCWPlatform::DSA absoulate path F:/Vivado/Projects/project_ddr/mb_project_ddr/design_ddr_wrapper/hw/design_ddr_wrapper.xsa
TRACE::2026-06-23.01:14:34::SCWPlatform::DSA directory F:/Vivado/Projects/project_ddr/mb_project_ddr/design_ddr_wrapper/hw
TRACE::2026-06-23.01:14:34::SCWPlatform:: Platform Path F:/Vivado/Projects/project_ddr/mb_project_ddr/design_ddr_wrapper/hw/design_ddr_wrapper.xsa
TRACE::2026-06-23.01:14:34::SCWPlatform:: Unique name xilinx:::0.0
TRACE::2026-06-23.01:14:34::SCWPlatform::Trying to set the existing hwdb with name design_ddr_wrapper_0
TRACE::2026-06-23.01:14:34::SCWPlatform::Opened existing hwdb design_ddr_wrapper_0
TRACE::2026-06-23.01:14:34::SCWPlatform::Found the Hw Db part of the input DSA
TRACE::2026-06-23.01:14:34::SCWMssOS::Checking the sw design at  F:/Vivado/Projects/project_ddr/mb_project_ddr/design_ddr_wrapper/microblaze_core_0_microblaze_0/standalone_microblaze_core_0_microblaze_0/bsp/system.mss
TRACE::2026-06-23.01:14:34::SCWMssOS::DEBUG:  swdes dump  F:/Vivado/Projects/project_ddr/mb_project_ddr/design_ddr_wrapper/microblaze_core_0_microblaze_0/standalone_microblaze_core_0_microblaze_0/bsp/system.mss|system||

TRACE::2026-06-23.01:14:34::SCWMssOS::Sw design exists and opened at  F:/Vivado/Projects/project_ddr/mb_project_ddr/design_ddr_wrapper/microblaze_core_0_microblaze_0/standalone_microblaze_core_0_microblaze_0/bsp/system.mss
TRACE::2026-06-23.01:14:34::SCWMssOS::Completed writing the mss file at F:/Vivado/Projects/project_ddr/mb_project_ddr/design_ddr_wrapper/microblaze_core_0_microblaze_0/standalone_microblaze_core_0_microblaze_0/bsp
TRACE::2026-06-23.01:14:34::SCWMssOS::Mss edits present, copying mssfile into export location F:/Vivado/Projects/project_ddr/mb_project_ddr/design_ddr_wrapper/microblaze_core_0_microblaze_0/standalone_microblaze_core_0_microblaze_0/bsp/system.mss
TRACE::2026-06-23.01:14:34::SCWMssOS::bsp generated is upto date with the mss file. Skipping bsp generation.
TRACE::2026-06-23.01:14:34::SCWMssOS::BSP is already built. skipping the bsp build ... 
TRACE::2026-06-23.01:14:34::SCWDomain::Building the domain as part of full build :  standalone_microblaze_core_0_microblaze_0
TRACE::2026-06-23.01:14:34::SCWMssOS::doing bsp build ... 
TRACE::2026-06-23.01:14:34::SCWMssOS::System Command Ran  F: & cd  F:/Vivado/Projects/project_ddr/mb_project_ddr/design_ddr_wrapper/microblaze_core_0_microblaze_0/standalone_microblaze_core_0_microblaze_0/bsp & make 
TRACE::2026-06-23.01:14:34::SCWMssOS::make --no-print-directory seq_libs

TRACE::2026-06-23.01:14:34::SCWMssOS::'Finished building libraries sequentially.'

TRACE::2026-06-23.01:14:34::SCWMssOS::make -j 18 --no-print-directory par_libs

TRACE::2026-06-23.01:14:34::SCWMssOS::"Running Make include in microblaze_core_0_microblaze_0/libsrc/bram_v4_11/src"

TRACE::2026-06-23.01:14:34::SCWMssOS::make -C microblaze_core_0_microblaze_0/libsrc/bram_v4_11/src -s include  "SHELL=CMD" "COMPILER=mb-gcc" "ASSEMBLER=mb-as" "ARCHI
TRACE::2026-06-23.01:14:34::SCWMssOS::VER=mb-ar" "COMPILER_FLAGS=  -O2 -c -mcpu=v11.0 -mhard-float -mlittle-endian -mno-xl-soft-div -mno-xl-soft-mul -mxl-pattern-com
TRACE::2026-06-23.01:14:34::SCWMssOS::pare" "EXTRA_COMPILER_FLAGS=-g -ffunction-sections -fdata-sections -Wall -Wextra -fno-tree-loop-distribute-patterns"

TRACE::2026-06-23.01:14:34::SCWMssOS::"Running Make include in microblaze_core_0_microblaze_0/libsrc/cpu_v2_18/src"

TRACE::2026-06-23.01:14:34::SCWMssOS::make -C microblaze_core_0_microblaze_0/libsrc/cpu_v2_18/src -s include  "SHELL=CMD" "COMPILER=mb-gcc" "ASSEMBLER=mb-as" "ARCHIV
TRACE::2026-06-23.01:14:34::SCWMssOS::ER=mb-ar" "COMPILER_FLAGS=  -O2 -c -mcpu=v11.0 -mhard-float -mlittle-endian -mno-xl-soft-div -mno-xl-soft-mul -mxl-pattern-comp
TRACE::2026-06-23.01:14:34::SCWMssOS::are" "EXTRA_COMPILER_FLAGS=-g -ffunction-sections -fdata-sections -Wall -Wextra -fno-tree-loop-distribute-patterns"

TRACE::2026-06-23.01:14:34::SCWMssOS::"Running Make include in microblaze_core_0_microblaze_0/libsrc/standalone_v9_2/src"

TRACE::2026-06-23.01:14:34::SCWMssOS::make -C microblaze_core_0_microblaze_0/libsrc/standalone_v9_2/src -s include  "SHELL=CMD" "COMPILER=mb-gcc" "ASSEMBLER=mb-as" "
TRACE::2026-06-23.01:14:34::SCWMssOS::ARCHIVER=mb-ar" "COMPILER_FLAGS=  -O2 -c -mcpu=v11.0 -mhard-float -mlittle-endian -mno-xl-soft-div -mno-xl-soft-mul -mxl-patter
TRACE::2026-06-23.01:14:34::SCWMssOS::n-compare" "EXTRA_COMPILER_FLAGS=-g -ffunction-sections -fdata-sections -Wall -Wextra -fno-tree-loop-distribute-patterns"

TRACE::2026-06-23.01:14:34::SCWMssOS::"Running Make include in microblaze_core_0_microblaze_0/libsrc/uartlite_v3_11/src"

TRACE::2026-06-23.01:14:34::SCWMssOS::make -C microblaze_core_0_microblaze_0/libsrc/uartlite_v3_11/src -s include  "SHELL=CMD" "COMPILER=mb-gcc" "ASSEMBLER=mb-as" "A
TRACE::2026-06-23.01:14:34::SCWMssOS::RCHIVER=mb-ar" "COMPILER_FLAGS=  -O2 -c -mcpu=v11.0 -mhard-float -mlittle-endian -mno-xl-soft-div -mno-xl-soft-mul -mxl-pattern
TRACE::2026-06-23.01:14:34::SCWMssOS::-compare" "EXTRA_COMPILER_FLAGS=-g -ffunction-sections -fdata-sections -Wall -Wextra -fno-tree-loop-distribute-patterns"

TRACE::2026-06-23.01:14:35::SCWMssOS::"Running Make libs in microblaze_core_0_microblaze_0/libsrc/bram_v4_11/src"

TRACE::2026-06-23.01:14:35::SCWMssOS::make -C microblaze_core_0_microblaze_0/libsrc/bram_v4_11/src -s libs  "SHELL=CMD" "COMPILER=mb-gcc" "ASSEMBLER=mb-as" "ARCHIVER
TRACE::2026-06-23.01:14:35::SCWMssOS::=mb-ar" "COMPILER_FLAGS=  -O2 -c -mcpu=v11.0 -mhard-float -mlittle-endian -mno-xl-soft-div -mno-xl-soft-mul -mxl-pattern-compar
TRACE::2026-06-23.01:14:35::SCWMssOS::e" "EXTRA_COMPILER_FLAGS=-g -ffunction-sections -fdata-sections -Wall -Wextra -fno-tree-loop-distribute-patterns"

TRACE::2026-06-23.01:14:35::SCWMssOS::"Running Make libs in microblaze_core_0_microblaze_0/libsrc/cpu_v2_18/src"

TRACE::2026-06-23.01:14:35::SCWMssOS::make -C microblaze_core_0_microblaze_0/libsrc/cpu_v2_18/src -s libs  "SHELL=CMD" "COMPILER=mb-gcc" "ASSEMBLER=mb-as" "ARCHIVER=
TRACE::2026-06-23.01:14:35::SCWMssOS::mb-ar" "COMPILER_FLAGS=  -O2 -c -mcpu=v11.0 -mhard-float -mlittle-endian -mno-xl-soft-div -mno-xl-soft-mul -mxl-pattern-compare
TRACE::2026-06-23.01:14:35::SCWMssOS::" "EXTRA_COMPILER_FLAGS=-g -ffunction-sections -fdata-sections -Wall -Wextra -fno-tree-loop-distribute-patterns"

TRACE::2026-06-23.01:14:35::SCWMssOS::"Running Make libs in microblaze_core_0_microblaze_0/libsrc/standalone_v9_2/src"

TRACE::2026-06-23.01:14:35::SCWMssOS::make -C microblaze_core_0_microblaze_0/libsrc/standalone_v9_2/src -s libs  "SHELL=CMD" "COMPILER=mb-gcc" "ASSEMBLER=mb-as" "ARC
TRACE::2026-06-23.01:14:35::SCWMssOS::HIVER=mb-ar" "COMPILER_FLAGS=  -O2 -c -mcpu=v11.0 -mhard-float -mlittle-endian -mno-xl-soft-div -mno-xl-soft-mul -mxl-pattern-c
TRACE::2026-06-23.01:14:35::SCWMssOS::ompare" "EXTRA_COMPILER_FLAGS=-g -ffunction-sections -fdata-sections -Wall -Wextra -fno-tree-loop-distribute-patterns"

TRACE::2026-06-23.01:14:35::SCWMssOS::"Running Make libs in microblaze_core_0_microblaze_0/libsrc/uartlite_v3_11/src"

TRACE::2026-06-23.01:14:35::SCWMssOS::make -C microblaze_core_0_microblaze_0/libsrc/uartlite_v3_11/src -s libs  "SHELL=CMD" "COMPILER=mb-gcc" "ASSEMBLER=mb-as" "ARCH
TRACE::2026-06-23.01:14:35::SCWMssOS::IVER=mb-ar" "COMPILER_FLAGS=  -O2 -c -mcpu=v11.0 -mhard-float -mlittle-endian -mno-xl-soft-div -mno-xl-soft-mul -mxl-pattern-co
TRACE::2026-06-23.01:14:35::SCWMssOS::mpare" "EXTRA_COMPILER_FLAGS=-g -ffunction-sections -fdata-sections -Wall -Wextra -fno-tree-loop-distribute-patterns"

TRACE::2026-06-23.01:14:35::SCWMssOS::"DEBUG NON_LTO_OBJECTS is ../../../lib/microblaze_interrupt_handler.o"

TRACE::2026-06-23.01:14:36::SCWMssOS::'Finished building libraries parallelly.'

TRACE::2026-06-23.01:14:36::SCWMssOS::make --no-print-directory archive

TRACE::2026-06-23.01:14:36::SCWMssOS::mb-ar -r  microblaze_core_0_microblaze_0/lib/libxil.a microblaze_core_0_microblaze_0/lib/_exit.o microblaze_core_0_microblaze_0
TRACE::2026-06-23.01:14:36::SCWMssOS::/lib/errno.o microblaze_core_0_microblaze_0/lib/fcntl.o microblaze_core_0_microblaze_0/lib/hw_exception_handler.o microblaze_co
TRACE::2026-06-23.01:14:36::SCWMssOS::re_0_microblaze_0/lib/inbyte.o microblaze_core_0_microblaze_0/lib/microblaze_disable_dcache.o microblaze_core_0_microblaze_0/li
TRACE::2026-06-23.01:14:36::SCWMssOS::b/microblaze_disable_exceptions.o microblaze_core_0_microblaze_0/lib/microblaze_disable_icache.o microblaze_core_0_microblaze_0
TRACE::2026-06-23.01:14:36::SCWMssOS::/lib/microblaze_disable_interrupts.o microblaze_core_0_microblaze_0/lib/microblaze_enable_dcache.o microblaze_core_0_microblaze
TRACE::2026-06-23.01:14:36::SCWMssOS::_0/lib/microblaze_enable_exceptions.o microblaze_core_0_microblaze_0/lib/microblaze_enable_icache.o microblaze_core_0_microblaz
TRACE::2026-06-23.01:14:36::SCWMssOS::e_0/lib/microblaze_enable_interrupts.o microblaze_core_0_microblaze_0/lib/microblaze_exception_handler.o microblaze_core_0_micr
TRACE::2026-06-23.01:14:36::SCWMssOS::oblaze_0/lib/microblaze_flush_cache_ext.o microblaze_core_0_microblaze_0/lib/microblaze_flush_cache_ext_range.o microblaze_core
TRACE::2026-06-23.01:14:36::SCWMssOS::_0_microblaze_0/lib/microblaze_flush_dcache.o microblaze_core_0_microblaze_0/lib/microblaze_flush_dcache_range.o microblaze_cor
TRACE::2026-06-23.01:14:36::SCWMssOS::e_0_microblaze_0/lib/microblaze_init_dcache_range.o microblaze_core_0_microblaze_0/lib/microblaze_init_icache_range.o microblaz
TRACE::2026-06-23.01:14:36::SCWMssOS::e_core_0_microblaze_0/lib/microblaze_interrupt_handler.o microblaze_core_0_microblaze_0/lib/microblaze_interrupts_g.o microblaz
TRACE::2026-06-23.01:14:36::SCWMssOS::e_core_0_microblaze_0/lib/microblaze_invalidate_cache_ext.o microblaze_core_0_microblaze_0/lib/microblaze_invalidate_cache_ext_
TRACE::2026-06-23.01:14:36::SCWMssOS::range.o microblaze_core_0_microblaze_0/lib/microblaze_invalidate_dcache.o microblaze_core_0_microblaze_0/lib/microblaze_invalid
TRACE::2026-06-23.01:14:36::SCWMssOS::ate_dcache_range.o microblaze_core_0_microblaze_0/lib/microblaze_invalidate_icache.o microblaze_core_0_microblaze_0/lib/microbl
TRACE::2026-06-23.01:14:36::SCWMssOS::aze_invalidate_icache_range.o microblaze_core_0_microblaze_0/lib/microblaze_scrub.o microblaze_core_0_microblaze_0/lib/microbla
TRACE::2026-06-23.01:14:36::SCWMssOS::ze_selftest.o microblaze_core_0_microblaze_0/lib/microblaze_sleep.o microblaze_core_0_microblaze_0/lib/microblaze_update_dcache
TRACE::2026-06-23.01:14:36::SCWMssOS::.o microblaze_core_0_microblaze_0/lib/microblaze_update_icache.o microblaze_core_0_microblaze_0/lib/outbyte.o microblaze_core_0
TRACE::2026-06-23.01:14:36::SCWMssOS::_microblaze_0/lib/print.o microblaze_core_0_microblaze_0/lib/pvr.o microblaze_core_0_microblaze_0/lib/xbram.o microblaze_core_0
TRACE::2026-06-23.01:14:36::SCWMssOS::_microblaze_0/lib/xbram_g.o microblaze_core_0_microblaze_0/lib/xbram_intr.o microblaze_core_0_microblaze_0/lib/xbram_selftest.o
TRACE::2026-06-23.01:14:36::SCWMssOS:: microblaze_core_0_microblaze_0/lib/xbram_sinit.o microblaze_core_0_microblaze_0/lib/xil_assert.o microblaze_core_0_microblaze_
TRACE::2026-06-23.01:14:36::SCWMssOS::0/lib/xil_cache.o microblaze_core_0_microblaze_0/lib/xil_clocking.o microblaze_core_0_microblaze_0/lib/xil_exception.o microbla
TRACE::2026-06-23.01:14:36::SCWMssOS::ze_core_0_microblaze_0/lib/xil_mem.o microblaze_core_0_microblaze_0/lib/xil_misc_psreset_api.o microblaze_core_0_microblaze_0/l
TRACE::2026-06-23.01:14:36::SCWMssOS::ib/xil_printf.o microblaze_core_0_microblaze_0/lib/xil_sleepcommon.o microblaze_core_0_microblaze_0/lib/xil_sutil.o microblaze_
TRACE::2026-06-23.01:14:36::SCWMssOS::core_0_microblaze_0/lib/xil_testcache.o microblaze_core_0_microblaze_0/lib/xil_testio.o microblaze_core_0_microblaze_0/lib/xil_
TRACE::2026-06-23.01:14:36::SCWMssOS::testmem.o microblaze_core_0_microblaze_0/lib/xil_util.o microblaze_core_0_microblaze_0/lib/xinterrupt_wrap.o microblaze_core_0_
TRACE::2026-06-23.01:14:36::SCWMssOS::microblaze_0/lib/xio.o microblaze_core_0_microblaze_0/lib/xplatform_info.o microblaze_core_0_microblaze_0/lib/xpm_init.o microb
TRACE::2026-06-23.01:14:36::SCWMssOS::laze_core_0_microblaze_0/lib/xuartlite.o microblaze_core_0_microblaze_0/lib/xuartlite_g.o microblaze_core_0_microblaze_0/lib/xu
TRACE::2026-06-23.01:14:36::SCWMssOS::artlite_intr.o microblaze_core_0_microblaze_0/lib/xuartlite_l.o microblaze_core_0_microblaze_0/lib/xuartlite_selftest.o microbl
TRACE::2026-06-23.01:14:36::SCWMssOS::aze_core_0_microblaze_0/lib/xuartlite_sinit.o microblaze_core_0_microblaze_0/lib/xuartlite_stats.o

TRACE::2026-06-23.01:14:36::SCWMssOS::'Finished building libraries'

TRACE::2026-06-23.01:14:36::SCWMssOS::Copying to export directory.
TRACE::2026-06-23.01:14:36::SCWMssOS:: Checking if to create the Supporting Applications
TRACE::2026-06-23.01:14:36::SCWMssOS:: No Linux domain exists, trying to generate FSBL 
LOG::2026-06-23.01:14:36::SCWSystem::Completed Processing the domain standalone_microblaze_core_0_microblaze_0
LOG::2026-06-23.01:14:36::SCWSystem::Completed Processing the sysconfig design_ddr_wrapper
LOG::2026-06-23.01:14:36::SCWPlatform::Completed generating the artifacts for system configuration design_ddr_wrapper
TRACE::2026-06-23.01:14:36::SCWPlatform::Started preparing the platform 
TRACE::2026-06-23.01:14:36::SCWSystem::Writing the bif file for system config design_ddr_wrapper
TRACE::2026-06-23.01:14:36::SCWSystem::dir created 
TRACE::2026-06-23.01:14:36::SCWSystem::Writing the bif 
TRACE::2026-06-23.01:14:36::SCWPlatform::Started writing the spfm file 
TRACE::2026-06-23.01:14:36::SCWPlatform::Started writing the xpfm file 
TRACE::2026-06-23.01:14:36::SCWPlatform::Completed generating the platform
TRACE::2026-06-23.01:14:36::SCWMssOS::Saving the mss changes F:/Vivado/Projects/project_ddr/mb_project_ddr/design_ddr_wrapper/microblaze_core_0_microblaze_0/standalone_microblaze_core_0_microblaze_0/bsp/system.mss
TRACE::2026-06-23.01:14:36::SCWMssOS::Found a swdesign opened with the mssfile.
TRACE::2026-06-23.01:14:36::SCWMssOS::Completed writemss as part of save.
TRACE::2026-06-23.01:14:36::SCWMssOS::Commit changes completed.
TRACE::2026-06-23.01:14:36::SCWPlatform::Trying to open the hw design at F:/Vivado/Projects/project_ddr/mb_project_ddr/design_ddr_wrapper/hw/design_ddr_wrapper.xsa
TRACE::2026-06-23.01:14:36::SCWPlatform::DSA given F:/Vivado/Projects/project_ddr/mb_project_ddr/design_ddr_wrapper/hw/design_ddr_wrapper.xsa
TRACE::2026-06-23.01:14:36::SCWPlatform::DSA absoulate path F:/Vivado/Projects/project_ddr/mb_project_ddr/design_ddr_wrapper/hw/design_ddr_wrapper.xsa
TRACE::2026-06-23.01:14:36::SCWPlatform::DSA directory F:/Vivado/Projects/project_ddr/mb_project_ddr/design_ddr_wrapper/hw
TRACE::2026-06-23.01:14:36::SCWPlatform:: Platform Path F:/Vivado/Projects/project_ddr/mb_project_ddr/design_ddr_wrapper/hw/design_ddr_wrapper.xsa
TRACE::2026-06-23.01:14:36::SCWPlatform:: Unique name xilinx:::0.0
TRACE::2026-06-23.01:14:36::SCWPlatform::Trying to set the existing hwdb with name design_ddr_wrapper_0
TRACE::2026-06-23.01:14:36::SCWPlatform::Opened existing hwdb design_ddr_wrapper_0
TRACE::2026-06-23.01:14:36::SCWPlatform::Found the Hw Db part of the input DSA
TRACE::2026-06-23.01:14:36::SCWMssOS::Checking the sw design at  F:/Vivado/Projects/project_ddr/mb_project_ddr/design_ddr_wrapper/microblaze_core_0_microblaze_0/standalone_microblaze_core_0_microblaze_0/bsp/system.mss
TRACE::2026-06-23.01:14:36::SCWMssOS::DEBUG:  swdes dump  F:/Vivado/Projects/project_ddr/mb_project_ddr/design_ddr_wrapper/microblaze_core_0_microblaze_0/standalone_microblaze_core_0_microblaze_0/bsp/system.mss|system||

TRACE::2026-06-23.01:14:36::SCWMssOS::Sw design exists and opened at  F:/Vivado/Projects/project_ddr/mb_project_ddr/design_ddr_wrapper/microblaze_core_0_microblaze_0/standalone_microblaze_core_0_microblaze_0/bsp/system.mss
TRACE::2026-06-23.01:14:36::SCWPlatform::Trying to open the hw design at F:/Vivado/Projects/project_ddr/mb_project_ddr/design_ddr_wrapper/hw/design_ddr_wrapper.xsa
TRACE::2026-06-23.01:14:36::SCWPlatform::DSA given F:/Vivado/Projects/project_ddr/mb_project_ddr/design_ddr_wrapper/hw/design_ddr_wrapper.xsa
TRACE::2026-06-23.01:14:36::SCWPlatform::DSA absoulate path F:/Vivado/Projects/project_ddr/mb_project_ddr/design_ddr_wrapper/hw/design_ddr_wrapper.xsa
TRACE::2026-06-23.01:14:36::SCWPlatform::DSA directory F:/Vivado/Projects/project_ddr/mb_project_ddr/design_ddr_wrapper/hw
TRACE::2026-06-23.01:14:36::SCWPlatform:: Platform Path F:/Vivado/Projects/project_ddr/mb_project_ddr/design_ddr_wrapper/hw/design_ddr_wrapper.xsa
TRACE::2026-06-23.01:14:36::SCWPlatform:: Unique name xilinx:::0.0
TRACE::2026-06-23.01:14:36::SCWPlatform::Trying to set the existing hwdb with name design_ddr_wrapper_0
TRACE::2026-06-23.01:14:36::SCWPlatform::Opened existing hwdb design_ddr_wrapper_0
TRACE::2026-06-23.01:14:36::SCWPlatform::Found the Hw Db part of the input DSA
TRACE::2026-06-23.01:14:36::SCWMssOS::Checking the sw design at  F:/Vivado/Projects/project_ddr/mb_project_ddr/design_ddr_wrapper/microblaze_core_0_microblaze_0/standalone_microblaze_core_0_microblaze_0/bsp/system.mss
TRACE::2026-06-23.01:14:36::SCWMssOS::DEBUG:  swdes dump  F:/Vivado/Projects/project_ddr/mb_project_ddr/design_ddr_wrapper/microblaze_core_0_microblaze_0/standalone_microblaze_core_0_microblaze_0/bsp/system.mss|system||

TRACE::2026-06-23.01:14:36::SCWMssOS::Sw design exists and opened at  F:/Vivado/Projects/project_ddr/mb_project_ddr/design_ddr_wrapper/microblaze_core_0_microblaze_0/standalone_microblaze_core_0_microblaze_0/bsp/system.mss
TRACE::2026-06-23.01:14:36::SCWPlatform::Trying to open the hw design at F:/Vivado/Projects/project_ddr/mb_project_ddr/design_ddr_wrapper/hw/design_ddr_wrapper.xsa
TRACE::2026-06-23.01:14:36::SCWPlatform::DSA given F:/Vivado/Projects/project_ddr/mb_project_ddr/design_ddr_wrapper/hw/design_ddr_wrapper.xsa
TRACE::2026-06-23.01:14:36::SCWPlatform::DSA absoulate path F:/Vivado/Projects/project_ddr/mb_project_ddr/design_ddr_wrapper/hw/design_ddr_wrapper.xsa
TRACE::2026-06-23.01:14:36::SCWPlatform::DSA directory F:/Vivado/Projects/project_ddr/mb_project_ddr/design_ddr_wrapper/hw
TRACE::2026-06-23.01:14:36::SCWPlatform:: Platform Path F:/Vivado/Projects/project_ddr/mb_project_ddr/design_ddr_wrapper/hw/design_ddr_wrapper.xsa
TRACE::2026-06-23.01:14:36::SCWPlatform:: Unique name xilinx:::0.0
TRACE::2026-06-23.01:14:36::SCWPlatform::Trying to set the existing hwdb with name design_ddr_wrapper_0
TRACE::2026-06-23.01:14:36::SCWPlatform::Opened existing hwdb design_ddr_wrapper_0
TRACE::2026-06-23.01:14:36::SCWPlatform::Found the Hw Db part of the input DSA
TRACE::2026-06-23.01:14:36::SCWMssOS::Checking the sw design at  F:/Vivado/Projects/project_ddr/mb_project_ddr/design_ddr_wrapper/microblaze_core_0_microblaze_0/standalone_microblaze_core_0_microblaze_0/bsp/system.mss
TRACE::2026-06-23.01:14:36::SCWMssOS::DEBUG:  swdes dump  F:/Vivado/Projects/project_ddr/mb_project_ddr/design_ddr_wrapper/microblaze_core_0_microblaze_0/standalone_microblaze_core_0_microblaze_0/bsp/system.mss|system||

TRACE::2026-06-23.01:14:36::SCWMssOS::Sw design exists and opened at  F:/Vivado/Projects/project_ddr/mb_project_ddr/design_ddr_wrapper/microblaze_core_0_microblaze_0/standalone_microblaze_core_0_microblaze_0/bsp/system.mss
TRACE::2026-06-23.01:14:36::SCWWriter::formatted JSON is {
	"platformName":	"design_ddr_wrapper",
	"sprVersion":	"2.0",
	"mode":	"gui",
	"dsaType":	"Fixed",
	"platformDesc":	"design_ddr_wrapper",
	"platHandOff":	"F:/Vivado/Projects/project_ddr/design_ddr_wrapper.xsa",
	"platIntHandOff":	"<platformDir>/hw/design_ddr_wrapper.xsa",
	"deviceType":	"FPGA",
	"platIsPrebuiltAutogen":	"false",
	"platIsNoBootBsp":	"false",
	"hasFsblMakeHasChanges":	"false",
	"hasPmufwMakeHasChanges":	"false",
	"platPreBuiltFlag":	false,
	"platformSamplesDir":	"",
	"platActiveSys":	"design_ddr_wrapper",
	"systems":	[{
			"systemName":	"design_ddr_wrapper",
			"systemDesc":	"design_ddr_wrapper",
			"sysIsBootAutoGen":	"true",
			"systemDispName":	"design_ddr_wrapper",
			"sysActiveDom":	"standalone_microblaze_core_0_microblaze_0",
			"sysDefaultDom":	"standalone_microblaze_core_0_microblaze_0",
			"domains":	[{
					"domainName":	"standalone_microblaze_core_0_microblaze_0",
					"domainDispName":	"standalone_microblaze_core_0_microblaze_0",
					"domainDesc":	"standalone_microblaze_core_0_microblaze_0",
					"processors":	"microblaze_core_0_microblaze_0",
					"os":	"standalone",
					"sdxOs":	"standalone",
					"debugEnable":	"False",
					"domRuntimes":	["cpp"],
					"swRepo":	"",
					"mssOsVer":	"9.2",
					"mssFile":	"",
					"md5Digest":	"d7c765e61a00edb160981b16879b276f",
					"compatibleApp":	"hello_world",
					"domType":	"mssDomain",
					"arch":	"32-bit",
					"appSettings":	{
						"appCompilerFlags":	"",
						"appLinkerFlags":	""
					},
					"addedLibs":	[],
					"libOptions":	{
						"libsContainingOptions":	[]
					},
					"prebuiltLibs":	{
						"prebuiltIncPath":	[],
						"prebuiltLibPath":	[]
					},
					"isolation":	{
					}
				}]
		}]
}
KEYINFO::2026-06-23.01:14:36::SCWPlatform::updated the xpfm file.
TRACE::2026-06-23.01:14:37::SCWPlatform::Trying to open the hw design at F:/Vivado/Projects/project_ddr/mb_project_ddr/design_ddr_wrapper/hw/design_ddr_wrapper.xsa
TRACE::2026-06-23.01:14:37::SCWPlatform::DSA given F:/Vivado/Projects/project_ddr/mb_project_ddr/design_ddr_wrapper/hw/design_ddr_wrapper.xsa
TRACE::2026-06-23.01:14:37::SCWPlatform::DSA absoulate path F:/Vivado/Projects/project_ddr/mb_project_ddr/design_ddr_wrapper/hw/design_ddr_wrapper.xsa
TRACE::2026-06-23.01:14:37::SCWPlatform::DSA directory F:/Vivado/Projects/project_ddr/mb_project_ddr/design_ddr_wrapper/hw
TRACE::2026-06-23.01:14:37::SCWPlatform:: Platform Path F:/Vivado/Projects/project_ddr/mb_project_ddr/design_ddr_wrapper/hw/design_ddr_wrapper.xsa
TRACE::2026-06-23.01:14:37::SCWPlatform:: Unique name xilinx:::0.0
TRACE::2026-06-23.01:14:37::SCWPlatform::Trying to set the existing hwdb with name design_ddr_wrapper_0
TRACE::2026-06-23.01:14:37::SCWPlatform::Opened existing hwdb design_ddr_wrapper_0
TRACE::2026-06-23.01:14:37::SCWPlatform::Found the Hw Db part of the input DSA
TRACE::2026-06-23.01:14:37::SCWMssOS::Checking the sw design at  F:/Vivado/Projects/project_ddr/mb_project_ddr/design_ddr_wrapper/microblaze_core_0_microblaze_0/standalone_microblaze_core_0_microblaze_0/bsp/system.mss
TRACE::2026-06-23.01:14:37::SCWMssOS::DEBUG:  swdes dump  F:/Vivado/Projects/project_ddr/mb_project_ddr/design_ddr_wrapper/microblaze_core_0_microblaze_0/standalone_microblaze_core_0_microblaze_0/bsp/system.mss|system||

TRACE::2026-06-23.01:14:37::SCWMssOS::Sw design exists and opened at  F:/Vivado/Projects/project_ddr/mb_project_ddr/design_ddr_wrapper/microblaze_core_0_microblaze_0/standalone_microblaze_core_0_microblaze_0/bsp/system.mss
