
*** Running vivado
    with args -log microblaze_core_inst_0_lmb_bram_if_cntlr_0_0.vds -m64 -product Vivado -mode batch -messageDb vivado.pb -notrace -source microblaze_core_inst_0_lmb_bram_if_cntlr_0_0.tcl



****** Vivado v2024.2 (64-bit)
  **** SW Build 5239630 on Fri Nov 08 22:35:27 MST 2024
  **** IP Build 5239520 on Sun Nov 10 16:12:51 MST 2024
  **** SharedData Build 5239561 on Fri Nov 08 14:39:27 MST 2024
  **** Start of session at: Tue Jun 23 00:56:27 2026
    ** Copyright 1986-2022 Xilinx, Inc. All Rights Reserved.
    ** Copyright 2022-2024 Advanced Micro Devices, Inc. All Rights Reserved.

source microblaze_core_inst_0_lmb_bram_if_cntlr_0_0.tcl -notrace
create_project: Time (s): cpu = 00:00:05 ; elapsed = 00:00:08 . Memory (MB): peak = 618.254 ; gain = 190.480
INFO: [IP_Flow 19-6924] IPCACHE: Running cache check for IP inst: microblaze_core_inst_0_lmb_bram_if_cntlr_0_0
INFO: [IP_Flow 19-6922] IPCACHE: Exporting cached entry a62d04d85f822b65 to dir: F:/Vivado/Projects/project_ddr/project_ddr.runs/microblaze_core_inst_0_lmb_bram_if_cntlr_0_0_synth_1
INFO: [IP_Flow 19-6928] IPCACHE: copied cached file f:/Vivado/Projects/project_ddr/project_ddr.cache/ip/2024.2/a/6/a62d04d85f822b65/microblaze_core_inst_0_lmb_bram_if_cntlr_1_0.dcp to F:/Vivado/Projects/project_ddr/project_ddr.runs/microblaze_core_inst_0_lmb_bram_if_cntlr_0_0_synth_1/microblaze_core_inst_0_lmb_bram_if_cntlr_0_0.dcp.
INFO: [IP_Flow 19-6928] IPCACHE: copied cached file f:/Vivado/Projects/project_ddr/project_ddr.cache/ip/2024.2/a/6/a62d04d85f822b65/microblaze_core_inst_0_lmb_bram_if_cntlr_1_0_sim_netlist.v to F:/Vivado/Projects/project_ddr/project_ddr.runs/microblaze_core_inst_0_lmb_bram_if_cntlr_0_0_synth_1/microblaze_core_inst_0_lmb_bram_if_cntlr_0_0_sim_netlist.v.
INFO: [IP_Flow 19-6928] IPCACHE: copied cached file f:/Vivado/Projects/project_ddr/project_ddr.cache/ip/2024.2/a/6/a62d04d85f822b65/microblaze_core_inst_0_lmb_bram_if_cntlr_1_0_sim_netlist.vhdl to F:/Vivado/Projects/project_ddr/project_ddr.runs/microblaze_core_inst_0_lmb_bram_if_cntlr_0_0_synth_1/microblaze_core_inst_0_lmb_bram_if_cntlr_0_0_sim_netlist.vhdl.
INFO: [IP_Flow 19-6928] IPCACHE: copied cached file f:/Vivado/Projects/project_ddr/project_ddr.cache/ip/2024.2/a/6/a62d04d85f822b65/microblaze_core_inst_0_lmb_bram_if_cntlr_1_0_stub.v to F:/Vivado/Projects/project_ddr/project_ddr.runs/microblaze_core_inst_0_lmb_bram_if_cntlr_0_0_synth_1/microblaze_core_inst_0_lmb_bram_if_cntlr_0_0_stub.v.
INFO: [IP_Flow 19-6928] IPCACHE: copied cached file f:/Vivado/Projects/project_ddr/project_ddr.cache/ip/2024.2/a/6/a62d04d85f822b65/microblaze_core_inst_0_lmb_bram_if_cntlr_1_0_stub.vhdl to F:/Vivado/Projects/project_ddr/project_ddr.runs/microblaze_core_inst_0_lmb_bram_if_cntlr_0_0_synth_1/microblaze_core_inst_0_lmb_bram_if_cntlr_0_0_stub.vhdl.
INFO: [IP_Flow 19-4838] Using cached IP synthesis design for IP microblaze_core_inst_0_lmb_bram_if_cntlr_0_0, cache-ID = a62d04d85f822b65.
INFO: [Common 17-206] Exiting Vivado at Tue Jun 23 00:56:39 2026...
